BL51 BANKED LINKER/LOCATER V6.22                                                        04/06/2026  14:55:46  PAGE 1


BL51 BANKED LINKER/LOCATER V6.22, INVOKED BY:
D:\KEIL5\C51\BIN\BL51.EXE 智能窗户.obj TO 智能窗户 RAMSIZE (256)


MEMORY MODEL: SMALL WITH FLOATING POINT ARITHMETIC


INPUT MODULES INCLUDED:
  智能窗户.obj (_悄_確户)
  D:\KEIL5\C51\LIB\C51FPS.LIB (?C?FPMUL)
  D:\KEIL5\C51\LIB\C51FPS.LIB (?C?FPDIV)
  D:\KEIL5\C51\LIB\C51FPS.LIB (?C?FCAST)
  D:\KEIL5\C51\LIB\C51FPS.LIB (?C?CASTF)
  D:\KEIL5\C51\LIB\C51FPS.LIB (?C?FPGETOPN)
  D:\KEIL5\C51\LIB\C51S.LIB (?C_STARTUP)
  D:\KEIL5\C51\LIB\C51S.LIB (?C?CLDPTR)
  D:\KEIL5\C51\LIB\C51S.LIB (?C?CILDPTR)
  D:\KEIL5\C51\LIB\C51S.LIB (?C?CSTPTR)
  D:\KEIL5\C51\LIB\C51S.LIB (?C?UIDIV)
  D:\KEIL5\C51\LIB\C51S.LIB (?C?LNEG)
  D:\KEIL5\C51\LIB\C51S.LIB (?C?ICALL)
  D:\KEIL5\C51\LIB\C51S.LIB (?C_INIT)


LINK MAP OF MODULE:  智能窗户 (_悄_確户)


            TYPE    BASE      LENGTH    RELOCATION   SEGMENT NAME
            -----------------------------------------------------

            * * * * * * *   D A T A   M E M O R Y   * * * * * * *
            REG     0000H     0008H     ABSOLUTE     "REG BANK 0"
            DATA    0008H     0005H     UNIT         _DATA_GROUP_
                    000DH     0013H                  *** GAP ***
            BIT     0020H.0   0001H.0   UNIT         ?BI?_悄_確户
            BIT     0021H.0   0000H.2   UNIT         _BIT_GROUP_
                    0021H.2   0000H.6                *** GAP ***
            DATA    0022H     0031H     UNIT         ?DT?_悄_確户
            IDATA   0053H     0001H     UNIT         ?STACK

            * * * * * * *   C O D E   M E M O R Y   * * * * * * *
            CODE    0000H     0003H     ABSOLUTE     
            CODE    0003H     0007H     UNIT         ?PR?INIT_DS1302_IO?_悄_確户
            CODE    000AH     0001H     UNIT         ?PR?NULL?_悄_確户
            CODE    000BH     0003H     ABSOLUTE     
            CODE    000EH     031BH     UNIT         ?C?LIB_CODE
            CODE    0329H     0125H     UNIT         ?CO?_悄_確户
            CODE    044EH     00BBH     UNIT         ?PR?MAIN?_悄_確户
            CODE    0509H     0096H     UNIT         ?PR?KEY?_悄_確户
            CODE    059FH     008CH     UNIT         ?C_C51STARTUP
            CODE    062BH     007FH     UNIT         ?PR?BUJINDJ?_悄_確户
            CODE    06AAH     0059H     UNIT         ?PR?MENU_1_1_FUN?_悄_確户
            CODE    0703H     0051H     UNIT         ?PR?MENU_1_1_DIS?_悄_確户
            CODE    0754H     0051H     UNIT         ?PR?AD0832READ?_悄_確户
            CODE    07A5H     004EH     UNIT         ?PR?_MENU_1_5_N?_悄_確户
            CODE    07F3H     004EH     UNIT         ?PR?_MENU_1_6_N?_悄_確户
            CODE    0841H     004EH     UNIT         ?PR?_MENU_1_7_N?_悄_確户
            CODE    088FH     004DH     UNIT         ?PR?_MENU_1_1_N?_悄_確户
BL51 BANKED LINKER/LOCATER V6.22                                                      04/06/2026  14:55:46  PAGE 2


            CODE    08DCH     004DH     UNIT         ?PR?_MENU_1_3_N?_悄_確户
            CODE    0929H     004BH     UNIT         ?PR?READ_EEPOM?_悄_確户
            CODE    0974H     004BH     UNIT         ?PR?_MENU_2_1_N?_悄_確户
            CODE    09BFH     004AH     UNIT         ?PR?KEY_WITH?_悄_確户
            CODE    0A09H     0049H     UNIT         ?PR?INIT_DS1302?_悄_確户
            CODE    0A52H     0048H     UNIT         ?PR?_SET_DS1302TIME?_悄_確户
            CODE    0A9AH     0048H     UNIT         ?PR?_MENU_1_4_N?_悄_確户
            CODE    0AE2H     0047H     UNIT         ?PR?WRITE_TIME?_悄_確户
            CODE    0B29H     0044H     UNIT         ?PR?WRITE_EEPOM?_悄_確户
            CODE    0B6DH     0044H     UNIT         ?PR?_MENU_1_2_N?_悄_確户
            CODE    0BB1H     0043H     UNIT         ?PR?READ1_TEMP?_悄_確户
            CODE    0BF4H     003FH     UNIT         ?PR?INIT_1602_DS1302?_悄_確户
            CODE    0C33H     003EH     UNIT         ?PR?ZINENGCHUANGLIAN_DIS?_悄_確户
            CODE    0C71H     003CH     UNIT         ?PR?TIME0?_悄_確户
            CODE    0CADH     003AH     UNIT         ?PR?_MENU_1_N?_悄_確户
            CODE    0CE7H     0039H     UNIT         ?PR?_WRITE_DS1302?_悄_確户
            CODE    0D20H     0037H     UNIT         ?PR?MENU_3_1_INIT?_悄_確户
            CODE    0D57H     0035H     UNIT         ?PR?_WRITE_SFM2_DS1302?_悄_確户
            CODE    0D8CH     0035H     UNIT         ?PR?_READ_DS1302?_悄_確户
            CODE    0DC1H     002DH     UNIT         ?PR?MENU_1_6_INIT?_悄_確户
            CODE    0DEEH     002DH     UNIT         ?PR?MENU_1_7_INIT?_悄_確户
            CODE    0E1BH     002DH     UNIT         ?PR?MENU_4_1_INIT?_悄_確户
            CODE    0E48H     002CH     UNIT         ?PR?_MENU_4_1_N?_悄_確户
            CODE    0E74H     002CH     UNIT         ?PR?MENU_1_BREAK?_悄_確户
            CODE    0EA0H     002BH     UNIT         ?PR?_WRITE_STRING?_悄_確户
            CODE    0ECBH     002BH     UNIT         ?PR?INIT_EEPOM?_悄_確户
            CODE    0EF6H     002AH     UNIT         ?PR?READ_TIME?_悄_確户
            CODE    0F20H     0029H     UNIT         ?PR?INIT1_18B20?_悄_確户
            CODE    0F49H     0029H     UNIT         ?PR?MENU_3_1_FUN?_悄_確户
            CODE    0F72H     0028H     UNIT         ?PR?_WRITE_SFM_18B20?_悄_確户
            CODE    0F9AH     0027H     UNIT         ?PR?MENU_1_1_INIT?_悄_確户
            CODE    0FC1H     0027H     UNIT         ?PR?MENU_1_4_INIT?_悄_確户
            CODE    0FE8H     0027H     UNIT         ?PR?MENU_1_INIT?_悄_確户
            CODE    100FH     0027H     UNIT         ?PR?MENU_2_INIT?_悄_確户
            CODE    1036H     0027H     UNIT         ?PR?MENU_3_INIT?_悄_確户
            CODE    105DH     0027H     UNIT         ?PR?MENU_4_INIT?_悄_確户
            CODE    1084H     0025H     UNIT         ?PR?INIT_1602_DIS_CSF?_悄_確户
            CODE    10A9H     0024H     UNIT         ?PR?MENU_1_3_INIT?_悄_確户
            CODE    10CDH     0024H     UNIT         ?PR?MENU_1_5_INIT?_悄_確户
            CODE    10F1H     0024H     UNIT         ?PR?MENU_2_1_INIT?_悄_確户
            CODE    1115H     0023H     UNIT         ?PR?_WRITE_DS1302RAM?_悄_確户
            CODE    1138H     0022H     UNIT         ?PR?MENU_1_2_INIT?_悄_確户
            CODE    115AH     0022H     UNIT         ?PR?MENU_1_FUN?_悄_確户
            CODE    117CH     0022H     UNIT         ?PR?SHOUDONG_KAIGUAN?_悄_確户
            CODE    119EH     0021H     UNIT         ?PR?_WRITE_SFM1?_悄_確户
            CODE    11BFH     0021H     UNIT         ?PR?MENU_3_2_INIT?_悄_確户
            CODE    11E0H     0021H     UNIT         ?PR?MENU_3_3_INIT?_悄_確户
            CODE    1201H     0021H     UNIT         ?PR?MENU_3_4_INIT?_悄_確户
            CODE    1222H     0020H     UNIT         ?PR?_MENU_3_2_N?_悄_確户
            CODE    1242H     0020H     UNIT         ?PR?_DELAY_1MS?_悄_確户
            CODE    1262H     001FH     UNIT         ?C_INITSEG
            CODE    1281H     001EH     UNIT         ?PR?READ1_18B20?_悄_確户
            CODE    129FH     001DH     UNIT         ?PR?MENU_2_1_DIS?_悄_確户
            CODE    12BCH     001CH     UNIT         ?PR?_BYTE_READ?_悄_確户
            CODE    12D8H     001CH     UNIT         ?PR?_BYTE_WRITE?_悄_確户
            CODE    12F4H     001CH     UNIT         ?PR?_DELAY_UINT?_悄_確户
            CODE    1310H     001CH     UNIT         ?PR?_WRITE1_18B20?_悄_確户
BL51 BANKED LINKER/LOCATER V6.22                                                      04/06/2026  14:55:46  PAGE 3


            CODE    132CH     001AH     UNIT         ?PR?_MENU_3_3_N?_悄_確户
            CODE    1346H     001AH     UNIT         ?PR?_MENU_3_4_N?_悄_確户
            CODE    1360H     0018H     UNIT         ?PR?_WRITE_COM?_悄_確户
            CODE    1378H     0017H     UNIT         ?PR?_MENU_3_1_N?_悄_確户
            CODE    138FH     0015H     UNIT         ?PR?_SECTORERASE?_悄_確户
            CODE    13A4H     0015H     UNIT         ?PR?_WRITE_DATA?_悄_確户
            CODE    13B9H     0012H     UNIT         ?PR?MENU_3_1_DIS?_悄_確户
            CODE    13CBH     0012H     UNIT         ?PR?MENU_4_1_DIS?_悄_確户
            CODE    13DDH     0012H     UNIT         ?PR?MENU_1_DIS?_悄_確户
            CODE    13EFH     0012H     UNIT         ?PR?MENU_2_DIS?_悄_確户
            CODE    1401H     0010H     UNIT         ?PR?CLEAR_1602?_悄_確户
            CODE    1411H     000FH     UNIT         ?PR?INIT_1602?_悄_確户
            CODE    1420H     000EH     UNIT         ?PR?_READ_DS1302RAM?_悄_確户
            CODE    142EH     000CH     UNIT         ?PR?ISP_IAP_ENABLE?_悄_確户
            CODE    143AH     000CH     UNIT         ?PR?MENU_2_1_FUN?_悄_確户
            CODE    1446H     000CH     UNIT         ?PR?MENU_4_1_FUN?_悄_確户
            CODE    1452H     000BH     UNIT         ?PR?ISPGOON?_悄_確户
            CODE    145DH     000BH     UNIT         ?PR?MENU_1_1_SHUDU?_悄_確户
            CODE    1468H     000BH     UNIT         ?PR?KEY_UP?_悄_確户
            CODE    1473H     000BH     UNIT         ?PR?KEY_DOWN?_悄_確户
            CODE    147EH     000AH     UNIT         ?PR?INIT_TIME0?_悄_確户
            CODE    1488H     0009H     UNIT         ?PR?ISP_IAP_DISABLE?_悄_確户
            CODE    1491H     0007H     UNIT         ?PR?KEY_EXIT?_悄_確户
            CODE    1498H     0003H     UNIT         ?PR?KEY_SURE_1?_悄_確户
            CODE    149BH     0001H     UNIT         ?PR?_NULL_1?_悄_確户



OVERLAY MAP OF MODULE:   智能窗户 (_悄_確户)


SEGMENT                                      BIT_GROUP          DATA_GROUP 
  +--> CALLED SEGMENT                     START    LENGTH     START    LENGTH
-----------------------------------------------------------------------------
?C_C51STARTUP                             -----    -----      -----    -----
  +--> ?PR?MAIN?_悄_確户
  +--> ?C_INITSEG

?PR?MAIN?_悄_確户                         -----    -----      -----    -----
  +--> ?PR?INIT_EEPOM?_悄_確户
  +--> ?PR?INIT_1602?_悄_確户
  +--> ?PR?INIT_1602_DIS_CSF?_悄_確户
  +--> ?PR?INIT_DS1302_IO?_悄_確户
  +--> ?PR?INIT_TIME0?_悄_確户
  +--> ?PR?MENU_1_BREAK?_悄_確户
  +--> ?PR?INIT_DS1302?_悄_確户
  +--> ?PR?READ1_TEMP?_悄_確户
  +--> ?PR?_DELAY_1MS?_悄_確户
  +--> ?PR?KEY?_悄_確户
  +--> ?PR?KEY_WITH?_悄_確户
  +--> ?PR?SHOUDONG_KAIGUAN?_悄_確户
  +--> ?PR?ZINENGCHUANGLIAN_DIS?_悄_確户
  +--> ?PR?AD0832READ?_悄_確户
  +--> ?PR?READ_TIME?_悄_確户
  +--> ?PR?INIT_1602_DS1302?_悄_確户
  +--> ?PR?_WRITE_SFM_18B20?_悄_確户
  +--> ?PR?_WRITE_SFM1?_悄_確户
BL51 BANKED LINKER/LOCATER V6.22                                                      04/06/2026  14:55:46  PAGE 4


  +--> ?PR?BUJINDJ?_悄_確户

?PR?INIT_EEPOM?_悄_確户                   -----    -----      -----    -----
  +--> ?PR?READ_EEPOM?_悄_確户
  +--> ?PR?WRITE_EEPOM?_悄_確户

?PR?READ_EEPOM?_悄_確户                   -----    -----      -----    -----
  +--> ?PR?_BYTE_READ?_悄_確户

?PR?_BYTE_READ?_悄_確户                   -----    -----      -----    -----
  +--> ?PR?ISPGOON?_悄_確户
  +--> ?PR?ISP_IAP_DISABLE?_悄_確户

?PR?ISPGOON?_悄_確户                      -----    -----      -----    -----
  +--> ?PR?ISP_IAP_ENABLE?_悄_確户

?PR?WRITE_EEPOM?_悄_確户                  -----    -----      -----    -----
  +--> ?PR?_SECTORERASE?_悄_確户
  +--> ?PR?_BYTE_WRITE?_悄_確户

?PR?_SECTORERASE?_悄_確户                 -----    -----      -----    -----
  +--> ?PR?ISPGOON?_悄_確户
  +--> ?PR?ISP_IAP_DISABLE?_悄_確户

?PR?_BYTE_WRITE?_悄_確户                  -----    -----      -----    -----
  +--> ?PR?ISPGOON?_悄_確户
  +--> ?PR?ISP_IAP_DISABLE?_悄_確户

?PR?INIT_1602?_悄_確户                    -----    -----      -----    -----
  +--> ?PR?_WRITE_COM?_悄_確户

?PR?_WRITE_COM?_悄_確户                   -----    -----      -----    -----
  +--> ?PR?_WRITE_SFM2_DS1302?_悄_確户
  +--> ?PR?_DELAY_UINT?_悄_確户

?PR?_WRITE_SFM2_DS1302?_悄_確户           -----    -----      -----    -----
  +--> ?CO?_悄_確户
  +--> ?PR?_WRITE_DATA?_悄_確户

?PR?_WRITE_DATA?_悄_確户                  -----    -----      -----    -----
  +--> ?PR?_DELAY_UINT?_悄_確户

?PR?INIT_1602_DIS_CSF?_悄_確户            -----    -----      -----    -----
  +--> ?CO?_悄_確户
  +--> ?PR?_WRITE_STRING?_悄_確户

?PR?_WRITE_STRING?_悄_確户                -----    -----      -----    -----
  +--> ?CO?_悄_確户
  +--> ?PR?_WRITE_COM?_悄_確户
  +--> ?PR?_WRITE_DATA?_悄_確户

?PR?MENU_1_BREAK?_悄_確户                 -----    -----      -----    -----
  +--> ?PR?CLEAR_1602?_悄_確户
  +--> ?PR?INIT_1602?_悄_確户
  +--> ?PR?INIT_1602_DIS_CSF?_悄_確户
  +--> ?PR?NULL?_悄_確户
  +--> ?PR?_NULL_1?_悄_確户
BL51 BANKED LINKER/LOCATER V6.22                                                      04/06/2026  14:55:46  PAGE 5



?PR?CLEAR_1602?_悄_確户                   -----    -----      -----    -----
  +--> ?CO?_悄_確户
  +--> ?PR?_WRITE_STRING?_悄_確户

?PR?INIT_DS1302?_悄_確户                  -----    -----      -----    -----
  +--> ?PR?_READ_DS1302RAM?_悄_確户
  +--> ?PR?_WRITE_DS1302RAM?_悄_確户
  +--> ?PR?_WRITE_DS1302?_悄_確户
  +--> ?CO?_悄_確户

?PR?_READ_DS1302RAM?_悄_確户              -----    -----      -----    -----
  +--> ?PR?_READ_DS1302?_悄_確户

?PR?_WRITE_DS1302RAM?_悄_確户             -----    -----      -----    -----
  +--> ?PR?_WRITE_DS1302?_悄_確户

?PR?READ1_TEMP?_悄_確户                   -----    -----      -----    -----
  +--> ?PR?INIT1_18B20?_悄_確户
  +--> ?PR?_WRITE1_18B20?_悄_確户
  +--> ?PR?_DELAY_UINT?_悄_確户
  +--> ?PR?READ1_18B20?_悄_確户

?PR?INIT1_18B20?_悄_確户                  0021H.0  0000H.1    -----    -----
  +--> ?PR?_DELAY_UINT?_悄_確户

?PR?_WRITE1_18B20?_悄_確户                -----    -----      -----    -----
  +--> ?PR?_DELAY_UINT?_悄_確户

?PR?READ1_18B20?_悄_確户                  -----    -----      -----    -----
  +--> ?PR?_DELAY_UINT?_悄_確户

?PR?KEY_WITH?_悄_確户                     -----    -----      -----    -----
  +--> ?PR?KEY_SURE_1?_悄_確户
  +--> ?PR?KEY_EXIT?_悄_確户
  +--> ?PR?KEY_UP?_悄_確户
  +--> ?PR?KEY_DOWN?_悄_確户
  +--> ?CO?_悄_確户
  +--> ?PR?_WRITE_STRING?_悄_確户
  +--> ?PR?WRITE_EEPOM?_悄_確户

?PR?KEY_SURE_1?_悄_確户                   -----    -----      -----    -----
  +--> ?PR?MENU_1_FUN?_悄_確户

?PR?MENU_1_FUN?_悄_確户                   -----    -----      -----    -----
  +--> ?PR?MENU_1_INIT?_悄_確户
  +--> ?PR?MENU_1_1_FUN?_悄_確户
  +--> ?PR?MENU_2_1_FUN?_悄_確户
  +--> ?PR?MENU_3_1_FUN?_悄_確户
  +--> ?PR?MENU_4_1_FUN?_悄_確户

?PR?MENU_1_INIT?_悄_確户                  -----    -----      -----    -----
  +--> ?PR?MENU_1_DIS?_悄_確户
  +--> ?PR?_WRITE_COM?_悄_確户
  +--> ?PR?_MENU_1_N?_悄_確户
  +--> ?PR?MENU_1_BREAK?_悄_確户

BL51 BANKED LINKER/LOCATER V6.22                                                      04/06/2026  14:55:46  PAGE 6


?PR?MENU_1_DIS?_悄_確户                   -----    -----      -----    -----
  +--> ?CO?_悄_確户
  +--> ?PR?_WRITE_STRING?_悄_確户

?PR?_MENU_1_N?_悄_確户                    -----    -----      -----    -----
  +--> ?PR?MENU_2_INIT?_悄_確户
  +--> ?PR?MENU_3_INIT?_悄_確户
  +--> ?PR?MENU_4_INIT?_悄_確户

?PR?MENU_2_INIT?_悄_確户                  -----    -----      -----    -----
  +--> ?PR?MENU_1_DIS?_悄_確户
  +--> ?PR?_WRITE_COM?_悄_確户
  +--> ?PR?MENU_1_BREAK?_悄_確户

?PR?MENU_3_INIT?_悄_確户                  -----    -----      -----    -----
  +--> ?PR?MENU_2_DIS?_悄_確户
  +--> ?PR?_WRITE_COM?_悄_確户
  +--> ?PR?MENU_1_BREAK?_悄_確户

?PR?MENU_2_DIS?_悄_確户                   -----    -----      -----    -----
  +--> ?CO?_悄_確户
  +--> ?PR?_WRITE_STRING?_悄_確户

?PR?MENU_4_INIT?_悄_確户                  -----    -----      -----    -----
  +--> ?PR?MENU_2_DIS?_悄_確户
  +--> ?PR?_WRITE_COM?_悄_確户
  +--> ?PR?MENU_1_BREAK?_悄_確户

?PR?MENU_1_1_FUN?_悄_確户                 -----    -----      -----    -----
  +--> ?PR?MENU_1_1_INIT?_悄_確户
  +--> ?PR?MENU_1_2_INIT?_悄_確户
  +--> ?PR?MENU_1_3_INIT?_悄_確户
  +--> ?PR?MENU_1_4_INIT?_悄_確户
  +--> ?PR?MENU_1_5_INIT?_悄_確户
  +--> ?PR?MENU_1_6_INIT?_悄_確户
  +--> ?PR?MENU_1_7_INIT?_悄_確户

?PR?MENU_1_1_INIT?_悄_確户                -----    -----      -----    -----
  +--> ?PR?MENU_1_1_DIS?_悄_確户
  +--> ?PR?_WRITE_COM?_悄_確户
  +--> ?PR?_MENU_1_1_N?_悄_確户
  +--> ?PR?MENU_1_INIT?_悄_確户

?PR?MENU_1_1_DIS?_悄_確户                 -----    -----      -----    -----
  +--> ?CO?_悄_確户
  +--> ?PR?_WRITE_STRING?_悄_確户
  +--> ?PR?_WRITE_SFM2_DS1302?_悄_確户
  +--> ?PR?_WRITE_SFM1?_悄_確户

?PR?_WRITE_SFM1?_悄_確户                  -----    -----      -----    -----
  +--> ?PR?_WRITE_COM?_悄_確户
  +--> ?PR?_WRITE_DATA?_悄_確户

?PR?_MENU_1_1_N?_悄_確户                  -----    -----      -----    -----
  +--> ?PR?MENU_1_1_SHUDU?_悄_確户
  +--> ?PR?_WRITE_SFM2_DS1302?_悄_確户
  +--> ?PR?_WRITE_COM?_悄_確户
BL51 BANKED LINKER/LOCATER V6.22                                                      04/06/2026  14:55:46  PAGE 7


  +--> ?PR?WRITE_TIME?_悄_確户

?PR?WRITE_TIME?_悄_確户                   -----    -----      -----    -----
  +--> ?PR?_WRITE_DS1302?_悄_確户
  +--> ?CO?_悄_確户

?PR?MENU_1_2_INIT?_悄_確户                -----    -----      -----    -----
  +--> ?PR?_WRITE_COM?_悄_確户
  +--> ?PR?_MENU_1_2_N?_悄_確户
  +--> ?PR?MENU_1_INIT?_悄_確户

?PR?_MENU_1_2_N?_悄_確户                  -----    -----      -----    -----
  +--> ?PR?MENU_1_1_SHUDU?_悄_確户
  +--> ?PR?_WRITE_COM?_悄_確户
  +--> ?PR?WRITE_TIME?_悄_確户

?PR?MENU_1_3_INIT?_悄_確户                -----    -----      -----    -----
  +--> ?PR?_WRITE_COM?_悄_確户
  +--> ?PR?_MENU_1_3_N?_悄_確户
  +--> ?PR?MENU_1_INIT?_悄_確户

?PR?_MENU_1_3_N?_悄_確户                  -----    -----      -----    -----
  +--> ?PR?MENU_1_1_SHUDU?_悄_確户
  +--> ?PR?_WRITE_SFM2_DS1302?_悄_確户
  +--> ?PR?_WRITE_COM?_悄_確户
  +--> ?PR?WRITE_TIME?_悄_確户

?PR?MENU_1_4_INIT?_悄_確户                -----    -----      -----    -----
  +--> ?PR?_WRITE_SFM1?_悄_確户
  +--> ?PR?_WRITE_COM?_悄_確户
  +--> ?PR?_MENU_1_4_N?_悄_確户
  +--> ?PR?MENU_1_INIT?_悄_確户

?PR?_MENU_1_4_N?_悄_確户                  -----    -----      -----    -----
  +--> ?PR?MENU_1_1_SHUDU?_悄_確户
  +--> ?PR?_WRITE_SFM1?_悄_確户
  +--> ?PR?_WRITE_COM?_悄_確户
  +--> ?PR?WRITE_TIME?_悄_確户

?PR?MENU_1_5_INIT?_悄_確户                -----    -----      -----    -----
  +--> ?PR?_WRITE_COM?_悄_確户
  +--> ?PR?_MENU_1_5_N?_悄_確户
  +--> ?PR?MENU_1_INIT?_悄_確户

?PR?_MENU_1_5_N?_悄_確户                  -----    -----      -----    -----
  +--> ?PR?MENU_1_1_SHUDU?_悄_確户
  +--> ?PR?_WRITE_SFM2_DS1302?_悄_確户
  +--> ?PR?_WRITE_COM?_悄_確户
  +--> ?PR?WRITE_TIME?_悄_確户

?PR?MENU_1_6_INIT?_悄_確户                -----    -----      -----    -----
  +--> ?PR?_WRITE_SFM2_DS1302?_悄_確户
  +--> ?PR?_WRITE_COM?_悄_確户
  +--> ?PR?_MENU_1_6_N?_悄_確户
  +--> ?PR?MENU_1_INIT?_悄_確户

?PR?_MENU_1_6_N?_悄_確户                  -----    -----      -----    -----
BL51 BANKED LINKER/LOCATER V6.22                                                      04/06/2026  14:55:46  PAGE 8


  +--> ?PR?MENU_1_1_SHUDU?_悄_確户
  +--> ?PR?_WRITE_SFM2_DS1302?_悄_確户
  +--> ?PR?_WRITE_COM?_悄_確户
  +--> ?PR?WRITE_TIME?_悄_確户

?PR?MENU_1_7_INIT?_悄_確户                -----    -----      -----    -----
  +--> ?PR?_WRITE_SFM2_DS1302?_悄_確户
  +--> ?PR?_WRITE_COM?_悄_確户
  +--> ?PR?_MENU_1_7_N?_悄_確户
  +--> ?PR?MENU_1_INIT?_悄_確户

?PR?_MENU_1_7_N?_悄_確户                  -----    -----      -----    -----
  +--> ?PR?MENU_1_1_SHUDU?_悄_確户
  +--> ?PR?_WRITE_SFM2_DS1302?_悄_確户
  +--> ?PR?_WRITE_COM?_悄_確户
  +--> ?PR?WRITE_TIME?_悄_確户

?PR?MENU_2_1_FUN?_悄_確户                 -----    -----      -----    -----
  +--> ?PR?MENU_2_1_INIT?_悄_確户

?PR?MENU_2_1_INIT?_悄_確户                -----    -----      -----    -----
  +--> ?PR?MENU_2_1_DIS?_悄_確户
  +--> ?PR?_WRITE_COM?_悄_確户
  +--> ?PR?_MENU_2_1_N?_悄_確户
  +--> ?PR?MENU_2_INIT?_悄_確户

?PR?MENU_2_1_DIS?_悄_確户                 -----    -----      -----    -----
  +--> ?CO?_悄_確户
  +--> ?PR?_WRITE_STRING?_悄_確户
  +--> ?PR?_WRITE_SFM_18B20?_悄_確户

?PR?_WRITE_SFM_18B20?_悄_確户             -----    -----      -----    -----
  +--> ?PR?_WRITE_COM?_悄_確户
  +--> ?PR?_WRITE_DATA?_悄_確户

?PR?_MENU_2_1_N?_悄_確户                  -----    -----      -----    -----
  +--> ?PR?MENU_1_1_SHUDU?_悄_確户
  +--> ?PR?_WRITE_SFM_18B20?_悄_確户
  +--> ?PR?_WRITE_COM?_悄_確户
  +--> ?PR?WRITE_EEPOM?_悄_確户

?PR?MENU_3_1_FUN?_悄_確户                 -----    -----      -----    -----
  +--> ?PR?MENU_3_1_INIT?_悄_確户
  +--> ?PR?MENU_3_2_INIT?_悄_確户
  +--> ?PR?MENU_3_3_INIT?_悄_確户
  +--> ?PR?MENU_3_4_INIT?_悄_確户

?PR?MENU_3_1_INIT?_悄_確户                -----    -----      -----    -----
  +--> ?PR?MENU_3_1_DIS?_悄_確户
  +--> ?PR?_WRITE_SFM2_DS1302?_悄_確户
  +--> ?PR?_MENU_3_1_N?_悄_確户
  +--> ?PR?MENU_3_INIT?_悄_確户
  +--> ?PR?_WRITE_COM?_悄_確户

?PR?MENU_3_1_DIS?_悄_確户                 -----    -----      -----    -----
  +--> ?CO?_悄_確户
  +--> ?PR?_WRITE_STRING?_悄_確户
BL51 BANKED LINKER/LOCATER V6.22                                                      04/06/2026  14:55:46  PAGE 9



?PR?_MENU_3_1_N?_悄_確户                  -----    -----      -----    -----
  +--> ?PR?MENU_1_1_SHUDU?_悄_確户
  +--> ?PR?_SET_DS1302TIME?_悄_確户
  +--> ?PR?_WRITE_COM?_悄_確户
  +--> ?PR?WRITE_EEPOM?_悄_確户

?PR?_SET_DS1302TIME?_悄_確户              -----    -----      0008H    0005H

?PR?MENU_3_2_INIT?_悄_確户                -----    -----      -----    -----
  +--> ?PR?_WRITE_COM?_悄_確户
  +--> ?PR?_MENU_3_2_N?_悄_確户
  +--> ?PR?MENU_3_INIT?_悄_確户

?PR?_MENU_3_2_N?_悄_確户                  -----    -----      -----    -----
  +--> ?PR?MENU_1_1_SHUDU?_悄_確户
  +--> ?PR?_SET_DS1302TIME?_悄_確户
  +--> ?PR?_WRITE_SFM2_DS1302?_悄_確户
  +--> ?PR?_WRITE_COM?_悄_確户
  +--> ?PR?WRITE_EEPOM?_悄_確户

?PR?MENU_3_3_INIT?_悄_確户                -----    -----      -----    -----
  +--> ?PR?_WRITE_COM?_悄_確户
  +--> ?PR?_MENU_3_3_N?_悄_確户
  +--> ?PR?MENU_3_INIT?_悄_確户

?PR?_MENU_3_3_N?_悄_確户                  -----    -----      -----    -----
  +--> ?PR?MENU_1_1_SHUDU?_悄_確户
  +--> ?PR?_SET_DS1302TIME?_悄_確户
  +--> ?PR?_WRITE_SFM2_DS1302?_悄_確户
  +--> ?PR?_WRITE_COM?_悄_確户
  +--> ?PR?WRITE_EEPOM?_悄_確户

?PR?MENU_3_4_INIT?_悄_確户                -----    -----      -----    -----
  +--> ?PR?_WRITE_COM?_悄_確户
  +--> ?PR?_MENU_3_4_N?_悄_確户
  +--> ?PR?MENU_3_INIT?_悄_確户

?PR?_MENU_3_4_N?_悄_確户                  -----    -----      -----    -----
  +--> ?PR?MENU_1_1_SHUDU?_悄_確户
  +--> ?PR?_SET_DS1302TIME?_悄_確户
  +--> ?PR?_WRITE_SFM2_DS1302?_悄_確户
  +--> ?PR?_WRITE_COM?_悄_確户
  +--> ?PR?WRITE_EEPOM?_悄_確户

?PR?MENU_4_1_FUN?_悄_確户                 -----    -----      -----    -----
  +--> ?PR?MENU_4_1_INIT?_悄_確户

?PR?MENU_4_1_INIT?_悄_確户                -----    -----      -----    -----
  +--> ?PR?MENU_4_1_DIS?_悄_確户
  +--> ?PR?_MENU_4_1_N?_悄_確户
  +--> ?PR?MENU_4_INIT?_悄_確户
  +--> ?PR?_WRITE_SFM1?_悄_確户
  +--> ?PR?_WRITE_COM?_悄_確户

?PR?MENU_4_1_DIS?_悄_確户                 -----    -----      -----    -----
  +--> ?CO?_悄_確户
BL51 BANKED LINKER/LOCATER V6.22                                                      04/06/2026  14:55:46  PAGE 10


  +--> ?PR?_WRITE_STRING?_悄_確户

?PR?_MENU_4_1_N?_悄_確户                  -----    -----      -----    -----
  +--> ?PR?MENU_1_1_SHUDU?_悄_確户
  +--> ?PR?_WRITE_SFM1?_悄_確户
  +--> ?PR?WRITE_EEPOM?_悄_確户

?PR?AD0832READ?_悄_確户                   0021H.0  0000H.2    -----    -----

?PR?READ_TIME?_悄_確户                    -----    -----      -----    -----
  +--> ?CO?_悄_確户
  +--> ?PR?_READ_DS1302?_悄_確户

?PR?INIT_1602_DS1302?_悄_確户             -----    -----      -----    -----
  +--> ?PR?_WRITE_SFM2_DS1302?_悄_確户
  +--> ?PR?_WRITE_SFM1?_悄_確户

?PR?BUJINDJ?_悄_確户                      -----    -----      -----    -----
  +--> ?PR?WRITE_EEPOM?_悄_確户
  +--> ?CO?_悄_確户
  +--> ?PR?_DELAY_UINT?_悄_確户



SYMBOL TABLE OF MODULE:  智能窗户 (_悄_確户)

  VALUE           TYPE          NAME
  ----------------------------------

  -------         MODULE        _悄_確户
  C:0000H         SYMBOL        _ICE_DUMMY_
  C:13CBH         PUBLIC        menu_4_1_dis
  C:0A52H         PUBLIC        _set_ds1302time
  D:0080H         PUBLIC        P0
  D:0027H         PUBLIC        menu_i
  D:0090H         PUBLIC        P1
  D:0028H         PUBLIC        g_fen
  D:00A0H         PUBLIC        P2
  D:00B0H         PUBLIC        P3
  C:1242H         PUBLIC        _delay_1ms
  C:06AAH         PUBLIC        menu_1_1_fun
  D:00E6H         PUBLIC        ISP_TRIG
  C:143AH         PUBLIC        menu_2_1_fun
  D:0029H         PUBLIC        k_fen
  B:00A8H.7       PUBLIC        EA
  C:0F49H         PUBLIC        menu_3_1_fun
  B:0090H.6       PUBLIC        dq1
  C:1446H         PUBLIC        menu_4_1_fun
  C:11A4H         PUBLIC        _write_sfm1
  B:0020H.0       PUBLIC        flag_lj_en
  C:0D66H         PUBLIC        _write_sfm2_ds1302
  D:002AH         PUBLIC        bjdj_zidong
  D:002BH         PUBLIC        g_shi
  D:00A8H         PUBLIC        IE
  D:002CH         PUBLIC        guanxian_set
  C:1468H         PUBLIC        key_up
  D:002DH         PUBLIC        k_shi
BL51 BANKED LINKER/LOCATER V6.22                                                      04/06/2026  14:55:46  PAGE 11


  B:00B0H.7       PUBLIC        DO
  B:0020H.1       PUBLIC        flag_zd_sd
  B:00B0H.5       PUBLIC        CS
  C:0CADH         PUBLIC        _menu_1_n
  C:0929H         PUBLIC        read_eepom
  D:00B8H         PUBLIC        IP
  B:0020H.2       PUBLIC        flag_lj_3_en
  D:002EH         PUBLIC        bjdj_value
  D:0030H         PUBLIC        flag_value
  C:0D90H         PUBLIC        _read_ds1302
  B:0090H.7       PUBLIC        beep
  C:0446H         PUBLIC        zheng
  D:0031H         PUBLIC        flag_kaig_moshi
  D:0032H         PUBLIC        value
  C:1084H         PUBLIC        init_1602_dis_csf
  D:0033H         PUBLIC        a_a
  D:00E5H         PUBLIC        ISP_CMD
  B:0020H.3       PUBLIC        key_500ms
  C:1452H         PUBLIC        ISPgoon
  C:044EH         PUBLIC        main
  C:088FH         PUBLIC        _menu_1_1_n
  D:0034H         PUBLIC        nian
  D:0035H         PUBLIC        miao
  C:0B29H         PUBLIC        write_eepom
  C:0974H         PUBLIC        _menu_2_1_n
  C:0B6DH         PUBLIC        _menu_1_2_n
  C:0438H         PUBLIC        read_add
  C:1378H         PUBLIC        _menu_3_1_n
  C:08DCH         PUBLIC        _menu_1_3_n
  C:0EAAH         PUBLIC        _write_string
  C:0E48H         PUBLIC        _menu_4_1_n
  C:1222H         PUBLIC        _menu_3_2_n
  C:0A9AH         PUBLIC        _menu_1_4_n
  C:13AFH         PUBLIC        _write_data
  C:132CH         PUBLIC        _menu_3_3_n
  C:07A5H         PUBLIC        _menu_1_5_n
  D:0036H         PUBLIC        _key_up_down
  C:1346H         PUBLIC        _menu_3_4_n
  C:07F3H         PUBLIC        _menu_1_6_n
  C:0841H         PUBLIC        _menu_1_7_n
  C:0CEBH         PUBLIC        _write_ds1302
  D:0039H         PUBLIC        week
  C:0ECBH         PUBLIC        init_eepom
  C:0EF6H         PUBLIC        read_time
  C:0E74H         PUBLIC        menu_1_break
  C:117CH         PUBLIC        shoudong_kaiguan
  D:00E3H         PUBLIC        ISP_ADDRH
  C:0754H         PUBLIC        ad0832read
  D:003AH         PUBLIC        key_break
  C:1401H         PUBLIC        clear_1602
  D:0098H         PUBLIC        SCON
  C:1305H         PUBLIC        _delay_uint
  C:12BCH         PUBLIC        _byte_read
  D:0089H         PUBLIC        TMOD
  D:0088H         PUBLIC        TCON
  C:044AH         PUBLIC        fan
  C:0A09H         PUBLIC        init_ds1302
BL51 BANKED LINKER/LOCATER V6.22                                                      04/06/2026  14:55:46  PAGE 12


  D:00E4H         PUBLIC        ISP_ADDRL
  C:0431H         PUBLIC        write_add
  D:003DH         PUBLIC        fen
  B:0090H.3       PUBLIC        clk
  C:000AH         PUBLIC        null
  D:003EH         PUBLIC        flag_z_f
  C:041FH         PUBLIC        table_num
  C:0AE2H         PUBLIC        write_time
  D:003FH         PUBLIC        menu_shudu
  D:0040H         PUBLIC        shi
  C:12D8H         PUBLIC        _byte_write
  D:0041H         PUBLIC        menu_1
  D:0042H         PUBLIC        menu_2
  B:00A8H.1       PUBLIC        ET0
  D:0043H         PUBLIC        menu_3
  C:0509H         PUBLIC        key
  D:0044H         PUBLIC        menu_4
  D:0045H         PUBLIC        menu_5
  D:008CH         PUBLIC        TH0
  C:149BH         PUBLIC        _null_1
  C:136EH         PUBLIC        _write_com
  D:008AH         PUBLIC        TL0
  B:0020H.4       PUBLIC        flag_relay_en
  C:0C33H         PUBLIC        zinengchuanglian_dis
  D:0046H         PUBLIC        yue
  D:00E7H         PUBLIC        ISP_CONTR
  B:00A0H.7       PUBLIC        LED
  B:0088H.4       PUBLIC        TR0
  B:0090H.4       PUBLIC        io
  B:0090H.5       PUBLIC        rst
  D:0047H         PUBLIC        ri
  D:0048H         PUBLIC        key_time
  C:1281H         PUBLIC        read1_18b20
  D:0049H         PUBLIC        key_can
  C:0FE8H         PUBLIC        menu_1_init
  C:0BF4H         PUBLIC        init_1602_ds1302
  C:100FH         PUBLIC        menu_2_init
  C:1420H         PUBLIC        _read_ds1302ram
  C:1411H         PUBLIC        init_1602
  D:004AH         PUBLIC        guanxian
  C:0C71H         PUBLIC        time0
  C:1036H         PUBLIC        menu_3_init
  D:004BH         PUBLIC        _key_shuzi
  C:1488H         PUBLIC        ISP_IAP_disable
  C:105DH         PUBLIC        menu_4_init
  B:00B0H.6       PUBLIC        SCL
  B:0090H.2       PUBLIC        e
  C:1473H         PUBLIC        key_down
  B:0020H.5       PUBLIC        open1
  C:0F72H         PUBLIC        _write_sfm_18b20
  B:0090H.0       PUBLIC        rs
  C:145DH         PUBLIC        menu_1_1_shudu
  B:0020H.6       PUBLIC        open2
  C:1491H         PUBLIC        key_exit
  D:004EH         PUBLIC        temperature1
  C:138FH         PUBLIC        _SectorErase
  D:00C8H         PUBLIC        T2CON
BL51 BANKED LINKER/LOCATER V6.22                                                      04/06/2026  14:55:46  PAGE 13


  C:0BB1H         PUBLIC        read1_temp
  D:00E2H         PUBLIC        ISP_DATA
  D:0050H         PUBLIC        i
  C:09BFH         PUBLIC        key_with
  B:0090H.1       PUBLIC        rw
  C:13DDH         PUBLIC        menu_1_dis
  C:062BH         PUBLIC        bujindj
  C:13EFH         PUBLIC        menu_2_dis
  C:1310H         PUBLIC        _write1_18b20
  C:043FH         PUBLIC        init_ds
  C:0003H         PUBLIC        init_ds1302_io
  C:0F9AH         PUBLIC        menu_1_1_init
  C:1115H         PUBLIC        _write_ds1302ram
  B:0020H.7       PUBLIC        flag_200ms
  C:10F1H         PUBLIC        menu_2_1_init
  C:1138H         PUBLIC        menu_1_2_init
  C:0D20H         PUBLIC        menu_3_1_init
  C:10A9H         PUBLIC        menu_1_3_init
  C:115AH         PUBLIC        menu_1_fun
  C:0E1BH         PUBLIC        menu_4_1_init
  C:11BFH         PUBLIC        menu_3_2_init
  C:0FC1H         PUBLIC        menu_1_4_init
  C:142EH         PUBLIC        ISP_IAP_enable
  C:11E0H         PUBLIC        menu_3_3_init
  C:10CDH         PUBLIC        menu_1_5_init
  C:1201H         PUBLIC        menu_3_4_init
  C:0DC1H         PUBLIC        menu_1_6_init
  C:0DEEH         PUBLIC        menu_1_7_init
  C:0F20H         PUBLIC        init1_18b20
  D:0051H         PUBLIC        t_high
  C:147EH         PUBLIC        init_time0
  D:00D0H         PUBLIC        PSW
  C:0703H         PUBLIC        menu_1_1_dis
  C:129FH         PUBLIC        menu_2_1_dis
  C:1498H         PUBLIC        key_sure_1
  C:13B9H         PUBLIC        menu_3_1_dis
  -------         PROC          ISP_IAP_ENABLE
  C:142EH         LINE#         46
  C:142EH         LINE#         47
  C:142EH         LINE#         48
  C:1430H         LINE#         49
  C:1433H         LINE#         50
  C:1436H         LINE#         51
  C:1439H         LINE#         52
  -------         ENDPROC       ISP_IAP_ENABLE
  -------         PROC          ISP_IAP_DISABLE
  C:1488H         LINE#         54
  C:1488H         LINE#         55
  C:1488H         LINE#         56
  C:148BH         LINE#         57
  C:148EH         LINE#         58
  C:1490H         LINE#         59
  -------         ENDPROC       ISP_IAP_DISABLE
  -------         PROC          ISPGOON
  C:1452H         LINE#         61
  C:1452H         LINE#         62
  C:1452H         LINE#         63
BL51 BANKED LINKER/LOCATER V6.22                                                      04/06/2026  14:55:46  PAGE 14


  C:1455H         LINE#         64
  C:1458H         LINE#         65
  C:145BH         LINE#         66
  C:145CH         LINE#         67
  -------         ENDPROC       ISPGOON
  -------         PROC          _BYTE_READ
  D:0004H         SYMBOL        byte_addr
  C:12BCH         LINE#         69
  C:12C0H         LINE#         70
  C:12C0H         LINE#         71
  C:12C2H         LINE#         72
  C:12C4H         LINE#         73
  C:12C7H         LINE#         74
  C:12CAH         LINE#         75
  C:12CDH         LINE#         76
  C:12D0H         LINE#         77
  C:12D3H         LINE#         78
  C:12D5H         LINE#         79
  C:12D7H         LINE#         80
  -------         ENDPROC       _BYTE_READ
  -------         PROC          _SECTORERASE
  D:0006H         SYMBOL        sector_addr
  -------         DO            
  D:0006H         SYMBOL        iSectorAddr
  -------         ENDDO         
  C:138FH         LINE#         82
  C:138FH         LINE#         83
  C:138FH         LINE#         85
  C:1393H         LINE#         86
  C:1395H         LINE#         87
  C:1398H         LINE#         88
  C:139BH         LINE#         89
  C:139EH         LINE#         90
  C:13A1H         LINE#         91
  -------         ENDPROC       _SECTORERASE
  -------         PROC          _BYTE_WRITE
  D:0002H         SYMBOL        byte_addr
  D:0005H         SYMBOL        original_data
  C:12D8H         LINE#         94
  C:12DCH         LINE#         95
  C:12DCH         LINE#         96
  C:12DEH         LINE#         98
  C:12E0H         LINE#         99
  C:12E3H         LINE#         100
  C:12E6H         LINE#         101
  C:12E9H         LINE#         102
  C:12EBH         LINE#         103
  C:12EEH         LINE#         104
  C:12F1H         LINE#         105
  C:12F3H         LINE#         106
  -------         ENDPROC       _BYTE_WRITE
  C:1301H         SYMBOL        L?0334
  -------         PROC          L?0333
  -------         ENDPROC       L?0333
  C:1301H         SYMBOL        L?0334
  -------         PROC          _DELAY_UINT
  D:0006H         SYMBOL        q
BL51 BANKED LINKER/LOCATER V6.22                                                      04/06/2026  14:55:46  PAGE 15


  C:1305H         LINE#         22
  C:1305H         LINE#         23
  C:1305H         LINE#         24
  C:130FH         LINE#         25
  -------         ENDPROC       _DELAY_UINT
  C:1367H         SYMBOL        L?0325
  C:1369H         SYMBOL        L?0326
  -------         PROC          L?0324
  -------         ENDPROC       L?0324
  C:1367H         SYMBOL        L?0325
  C:1369H         SYMBOL        L?0326
  -------         PROC          _WRITE_COM
  D:0007H         SYMBOL        com
  C:136EH         LINE#         28
  C:136EH         LINE#         29
  C:136EH         LINE#         30
  C:1370H         LINE#         31
  C:1372H         LINE#         32
  C:1372H         LINE#         33
  C:1372H         LINE#         34
  C:1372H         LINE#         35
  C:1372H         LINE#         36
  C:1375H         LINE#         37
  C:1377H         LINE#         38
  -------         ENDPROC       _WRITE_COM
  -------         PROC          L?0337
  -------         ENDPROC       L?0337
  -------         PROC          _WRITE_DATA
  D:0007H         SYMBOL        dat
  C:13AFH         LINE#         41
  C:13AFH         LINE#         42
  C:13AFH         LINE#         43
  C:13B1H         LINE#         44
  C:13B3H         LINE#         45
  C:13B3H         LINE#         46
  C:13B3H         LINE#         47
  C:13B3H         LINE#         48
  C:13B3H         LINE#         49
  C:13B6H         LINE#         50
  C:13B8H         LINE#         51
  -------         ENDPROC       _WRITE_DATA
  -------         PROC          INIT_1602
  C:1411H         LINE#         54
  C:1411H         LINE#         55
  C:1411H         LINE#         56
  C:1416H         LINE#         57
  C:141BH         LINE#         58
  -------         ENDPROC       INIT_1602
  -------         PROC          L?0338
  -------         ENDPROC       L?0338
  -------         PROC          _WRITE_SFM1
  D:0007H         SYMBOL        hang
  D:0005H         SYMBOL        add
  D:0003H         SYMBOL        date
  C:11A4H         LINE#         63
  C:11A4H         LINE#         64
  C:11A4H         LINE#         65
BL51 BANKED LINKER/LOCATER V6.22                                                      04/06/2026  14:55:46  PAGE 16


  C:11A8H         LINE#         66
  C:11ACH         LINE#         68
  C:11B2H         LINE#         69
  -------         ENDPROC       _WRITE_SFM1
  C:0D60H         SYMBOL        L?0336
  -------         PROC          L?0335
  -------         ENDPROC       L?0335
  C:0D60H         SYMBOL        L?0336
  -------         PROC          _WRITE_SFM2_DS1302
  D:0007H         SYMBOL        hang
  D:0005H         SYMBOL        add
  D:0003H         SYMBOL        date
  -------         DO            
  D:0007H         SYMBOL        shi
  D:0005H         SYMBOL        ge
  -------         ENDDO         
  C:0D66H         LINE#         75
  C:0D66H         LINE#         76
  C:0D66H         LINE#         78
  C:0D6AH         LINE#         79
  C:0D6EH         LINE#         81
  C:0D74H         LINE#         82
  C:0D79H         LINE#         83
  C:0D7DH         LINE#         84
  C:0D86H         LINE#         85
  -------         ENDPROC       _WRITE_SFM2_DS1302
  C:0EA4H         SYMBOL        L?0328
  C:0EA6H         SYMBOL        L?0329
  -------         PROC          L?0327
  -------         ENDPROC       L?0327
  C:0EA4H         SYMBOL        L?0328
  C:0EA6H         SYMBOL        L?0329
  -------         PROC          _WRITE_STRING
  D:0007H         SYMBOL        hang
  D:0005H         SYMBOL        add
  D:0001H         SYMBOL        p
  C:0EAAH         LINE#         90
  C:0EAAH         LINE#         91
  C:0EAAH         LINE#         92
  C:0EAEH         LINE#         93
  C:0EB2H         LINE#         95
  C:0EB8H         LINE#         96
  C:0EB8H         LINE#         97
  C:0EB8H         LINE#         98
  C:0EBEH         LINE#         99
  C:0EC1H         LINE#         100
  C:0EC8H         LINE#         101
  C:0ECAH         LINE#         102
  -------         ENDPROC       _WRITE_STRING
  -------         PROC          _WRITE_SFM_18B20
  D:0007H         SYMBOL        hang
  D:0005H         SYMBOL        add
  D:0002H         SYMBOL        date
  C:0F72H         LINE#         105
  C:0F72H         LINE#         106
  C:0F72H         LINE#         107
  C:0F76H         LINE#         108
BL51 BANKED LINKER/LOCATER V6.22                                                      04/06/2026  14:55:46  PAGE 17


  C:0F7AH         LINE#         110
  C:0F80H         LINE#         111
  C:0F8EH         LINE#         112
  C:0F95H         LINE#         113
  -------         ENDPROC       _WRITE_SFM_18B20
  -------         PROC          CLEAR_1602
  C:1401H         LINE#         117
  C:1401H         LINE#         118
  C:1401H         LINE#         119
  C:1408H         LINE#         120
  -------         ENDPROC       CLEAR_1602
  -------         PROC          INIT_1602_DIS_CSF
  C:1084H         LINE#         124
  C:1084H         LINE#         125
  C:1084H         LINE#         126
  C:108DH         LINE#         127
  C:1096H         LINE#         128
  C:1099H         LINE#         129
  C:10A2H         LINE#         130
  C:10A5H         LINE#         131
  C:10A8H         LINE#         132
  -------         ENDPROC       INIT_1602_DIS_CSF
  -------         PROC          KEY
  -------         DO            
  D:0022H         SYMBOL        key_new
  D:0023H         SYMBOL        key_old
  D:0024H         SYMBOL        key_value
  -------         ENDDO         
  C:0509H         LINE#         8
  C:0509H         LINE#         9
  C:0509H         LINE#         11
  C:050CH         LINE#         12
  C:0510H         LINE#         13
  C:0510H         LINE#         14
  C:0518H         LINE#         15
  C:051CH         LINE#         17
  C:051FH         LINE#         18
  C:0526H         LINE#         19
  C:0526H         LINE#         20
  C:0529H         LINE#         21
  C:052CH         LINE#         22
  C:052EH         LINE#         23
  C:0530H         LINE#         24
  C:0532H         LINE#         25
  C:0534H         LINE#         27
  C:0534H         LINE#         28
  C:0536H         LINE#         30
  C:0536H         LINE#         31
  C:053EH         LINE#         32
  C:0542H         LINE#         34
  C:0545H         LINE#         35
  C:054CH         LINE#         36
  C:054CH         LINE#         37
  C:054FH         LINE#         38
  C:0551H         LINE#         39
  C:0553H         LINE#         40
  C:0553H         LINE#         41
BL51 BANKED LINKER/LOCATER V6.22                                                      04/06/2026  14:55:46  PAGE 18


  C:0553H         LINE#         42
  C:0556H         LINE#         43
  C:0559H         LINE#         44
  C:0559H         LINE#         45
  C:055BH         LINE#         46
  C:055EH         LINE#         47
  C:0561H         LINE#         48
  C:0561H         LINE#         49
  C:056AH         LINE#         50
  C:056AH         LINE#         51
  C:0581H         LINE#         52
  C:0581H         LINE#         53
  C:0586H         LINE#         54
  C:058BH         LINE#         55
  C:0590H         LINE#         56
  C:0595H         LINE#         57
  C:0598H         LINE#         58
  C:0598H         LINE#         59
  C:059BH         LINE#         61
  C:059BH         LINE#         62
  C:059EH         LINE#         63
  -------         ENDPROC       KEY
  -------         PROC          L?0332
  -------         ENDPROC       L?0332
  -------         PROC          _WRITE_DS1302
  D:0007H         SYMBOL        add
  D:0005H         SYMBOL        dat
  C:0CEBH         LINE#         24
  C:0CEBH         LINE#         25
  C:0CEBH         LINE#         26
  C:0CEDH         LINE#         27
  C:0CF0H         LINE#         28
  C:0CF0H         LINE#         29
  C:0CF2H         LINE#         30
  C:0CF6H         LINE#         31
  C:0CFAH         LINE#         32
  C:0CFCH         LINE#         33
  C:0D03H         LINE#         34
  C:0D06H         LINE#         35
  C:0D06H         LINE#         36
  C:0D08H         LINE#         37
  C:0D0CH         LINE#         38
  C:0D10H         LINE#         39
  C:0D12H         LINE#         40
  C:0D19H         LINE#         41
  C:0D1BH         LINE#         42
  C:0D1DH         LINE#         43
  C:0D1FH         LINE#         44
  -------         ENDPROC       _WRITE_DS1302
  C:0D8CH         SYMBOL        L?0331
  -------         PROC          L?0330
  -------         ENDPROC       L?0330
  C:0D8CH         SYMBOL        L?0331
  -------         PROC          _READ_DS1302
  D:0007H         SYMBOL        add
  -------         DO            
  D:0006H         SYMBOL        value
BL51 BANKED LINKER/LOCATER V6.22                                                      04/06/2026  14:55:46  PAGE 19


  D:0005H         SYMBOL        i
  -------         ENDDO         
  C:0D90H         LINE#         47
  C:0D90H         LINE#         48
  C:0D90H         LINE#         50
  C:0D92H         LINE#         51
  C:0D94H         LINE#         52
  C:0D94H         LINE#         53
  C:0D96H         LINE#         54
  C:0D9AH         LINE#         55
  C:0D9EH         LINE#         56
  C:0DA0H         LINE#         57
  C:0DA4H         LINE#         58
  C:0DA6H         LINE#         59
  C:0DA6H         LINE#         60
  C:0DA8H         LINE#         61
  C:0DACH         LINE#         62
  C:0DAFH         LINE#         63
  C:0DB2H         LINE#         64
  C:0DB4H         LINE#         65
  C:0DB8H         LINE#         66
  C:0DBAH         LINE#         67
  C:0DBCH         LINE#         68
  C:0DBEH         LINE#         69
  C:0DC0H         LINE#         70
  -------         ENDPROC       _READ_DS1302
  -------         PROC          READ_TIME
  C:0EF6H         LINE#         75
  C:0EF6H         LINE#         76
  C:0EF6H         LINE#         77
  C:0F01H         LINE#         78
  C:0F06H         LINE#         79
  C:0F0BH         LINE#         80
  C:0F10H         LINE#         81
  C:0F15H         LINE#         82
  C:0F1AH         LINE#         83
  C:0F1FH         LINE#         84
  -------         ENDPROC       READ_TIME
  -------         PROC          WRITE_TIME
  C:0AE2H         LINE#         87
  C:0AE2H         LINE#         88
  C:0AE2H         LINE#         89
  C:0AE9H         LINE#         90
  C:0AF4H         LINE#         91
  C:0AF9H         LINE#         92
  C:0AFEH         LINE#         93
  C:0B07H         LINE#         94
  C:0B10H         LINE#         95
  C:0B19H         LINE#         96
  C:0B22H         LINE#         97
  -------         ENDPROC       WRITE_TIME
  -------         PROC          _WRITE_DS1302RAM
  D:0006H         SYMBOL        add
  D:0004H         SYMBOL        dat
  C:1115H         LINE#         101
  C:1119H         LINE#         102
  C:1119H         LINE#         103
BL51 BANKED LINKER/LOCATER V6.22                                                      04/06/2026  14:55:46  PAGE 20


  C:111DH         LINE#         104
  C:1120H         LINE#         105
  C:1123H         LINE#         106
  C:112AH         LINE#         107
  C:1131H         LINE#         108
  -------         ENDPROC       _WRITE_DS1302RAM
  -------         PROC          _READ_DS1302RAM
  D:0007H         SYMBOL        add
  C:1420H         LINE#         112
  C:1420H         LINE#         113
  C:1420H         LINE#         114
  C:1424H         LINE#         115
  C:1427H         LINE#         116
  C:142AH         LINE#         117
  C:142DH         LINE#         118
  -------         ENDPROC       _READ_DS1302RAM
  -------         PROC          INIT_DS1302
  C:0A09H         LINE#         122
  C:0A09H         LINE#         123
  C:0A09H         LINE#         125
  C:0A0BH         LINE#         126
  C:0A0DH         LINE#         127
  C:0A0FH         LINE#         128
  C:0A16H         LINE#         129
  C:0A1CH         LINE#         130
  C:0A1CH         LINE#         131
  C:0A1FH         LINE#         132
  C:0A26H         LINE#         133
  C:0A2DH         LINE#         134
  C:0A30H         LINE#         135
  C:0A4AH         LINE#         136
  C:0A51H         LINE#         137
  C:0A51H         LINE#         138
  -------         ENDPROC       INIT_DS1302
  -------         PROC          INIT_DS1302_IO
  C:0003H         LINE#         140
  C:0003H         LINE#         141
  C:0003H         LINE#         142
  C:0005H         LINE#         143
  C:0007H         LINE#         144
  C:0009H         LINE#         145
  -------         ENDPROC       INIT_DS1302_IO
  -------         PROC          _SET_DS1302TIME
  D:0007H         SYMBOL        num
  D:0001H         SYMBOL        shi
  D:000CH         SYMBOL        dat
  C:0A52H         LINE#         148
  C:0A52H         LINE#         149
  C:0A52H         LINE#         150
  C:0A57H         LINE#         151
  C:0A57H         LINE#         152
  C:0A5BH         LINE#         153
  C:0A66H         LINE#         154
  C:0A6EH         LINE#         155
  C:0A76H         LINE#         156
  C:0A7AH         LINE#         157
  C:0A7AH         LINE#         159
BL51 BANKED LINKER/LOCATER V6.22                                                      04/06/2026  14:55:46  PAGE 21


  C:0A7AH         LINE#         160
  C:0A7FH         LINE#         161
  C:0A84H         LINE#         162
  C:0A8CH         LINE#         163
  C:0A94H         LINE#         164
  C:0A99H         LINE#         165
  C:0A99H         LINE#         166
  -------         ENDPROC       _SET_DS1302TIME
  -------         PROC          INIT1_18B20
  -------         DO            
  B:0021H.0       SYMBOL        q
  -------         ENDDO         
  C:0F20H         LINE#         9
  C:0F20H         LINE#         10
  C:0F20H         LINE#         12
  C:0F22H         LINE#         13
  C:0F29H         LINE#         14
  C:0F2BH         LINE#         15
  C:0F32H         LINE#         16
  C:0F34H         LINE#         17
  C:0F3BH         LINE#         18
  C:0F3FH         LINE#         19
  C:0F46H         LINE#         20
  C:0F48H         LINE#         21
  -------         ENDPROC       INIT1_18B20
  -------         PROC          _WRITE1_18B20
  D:0005H         SYMBOL        dat
  -------         DO            
  D:0003H         SYMBOL        i
  -------         ENDDO         
  C:1310H         LINE#         24
  C:1312H         LINE#         25
  C:1312H         LINE#         27
  C:1314H         LINE#         28
  C:1314H         LINE#         29
  C:1316H         LINE#         30
  C:131AH         LINE#         31
  C:1321H         LINE#         32
  C:1323H         LINE#         33
  C:1327H         LINE#         34
  C:132BH         LINE#         35
  -------         ENDPROC       _WRITE1_18B20
  -------         PROC          READ1_18B20
  -------         DO            
  D:0003H         SYMBOL        i
  D:0005H         SYMBOL        value
  -------         ENDDO         
  C:1281H         LINE#         38
  C:1281H         LINE#         39
  C:1281H         LINE#         41
  C:1283H         LINE#         42
  C:1283H         LINE#         43
  C:1285H         LINE#         44
  C:1289H         LINE#         45
  C:128BH         LINE#         46
  C:128EH         LINE#         47
  C:1291H         LINE#         48
BL51 BANKED LINKER/LOCATER V6.22                                                      04/06/2026  14:55:46  PAGE 22


  C:1298H         LINE#         49
  C:129CH         LINE#         50
  C:129EH         LINE#         51
  -------         ENDPROC       READ1_18B20
  -------         PROC          READ1_TEMP
  -------         DO            
  D:0006H         SYMBOL        value
  D:0002H         SYMBOL        low
  -------         ENDDO         
  C:0BB1H         LINE#         54
  C:0BB1H         LINE#         55
  C:0BB1H         LINE#         58
  C:0BB4H         LINE#         59
  C:0BB9H         LINE#         60
  C:0BBEH         LINE#         61
  C:0BC1H         LINE#         63
  C:0BC3H         LINE#         64
  C:0BC6H         LINE#         65
  C:0BCBH         LINE#         66
  C:0BD0H         LINE#         68
  C:0BD5H         LINE#         69
  C:0BD8H         LINE#         70
  C:0BDAH         LINE#         72
  C:0BDCH         LINE#         73
  C:0BE1H         LINE#         74
  C:0BF3H         LINE#         75
  C:0BF3H         LINE#         76
  -------         ENDPROC       READ1_TEMP
  -------         PROC          BUJINDJ
  -------         DO            
  D:0025H         SYMBOL        i
  -------         ENDDO         
  C:062BH         LINE#         20
  C:062BH         LINE#         21
  C:062BH         LINE#         23
  C:062FH         LINE#         24
  C:062FH         LINE#         25
  C:0632H         LINE#         26
  C:0632H         LINE#         27
  C:063DH         LINE#         28
  C:063DH         LINE#         29
  C:0640H         LINE#         30
  C:0645H         LINE#         31
  C:0648H         LINE#         32
  C:064BH         LINE#         33
  C:064DH         LINE#         34
  C:0655H         LINE#         35
  C:0655H         LINE#         36
  C:065AH         LINE#         37
  C:065AH         LINE#         38
  C:0665H         LINE#         39
  C:0665H         LINE#         40
  C:0668H         LINE#         41
  C:066DH         LINE#         42
  C:0670H         LINE#         43
  C:0673H         LINE#         44
  C:0675H         LINE#         45
BL51 BANKED LINKER/LOCATER V6.22                                                      04/06/2026  14:55:46  PAGE 23


  C:067DH         LINE#         46
  C:067DH         LINE#         47
  C:0680H         LINE#         48
  C:0680H         LINE#         49
  C:0685H         LINE#         50
  C:068CH         LINE#         51
  C:0691H         LINE#         52
  C:0699H         LINE#         53
  C:06A0H         LINE#         54
  C:06A9H         LINE#         55
  C:06A9H         LINE#         56
  -------         ENDPROC       BUJINDJ
  -------         PROC          WRITE_EEPOM
  C:0B29H         LINE#         50
  C:0B29H         LINE#         51
  C:0B29H         LINE#         52
  C:0B30H         LINE#         53
  C:0B3AH         LINE#         54
  C:0B40H         LINE#         55
  C:0B46H         LINE#         56
  C:0B4CH         LINE#         57
  C:0B52H         LINE#         58
  C:0B58H         LINE#         59
  C:0B5FH         LINE#         60
  C:0B66H         LINE#         61
  -------         ENDPROC       WRITE_EEPOM
  -------         PROC          READ_EEPOM
  C:0929H         LINE#         65
  C:0929H         LINE#         66
  C:0929H         LINE#         67
  C:0935H         LINE#         68
  C:093CH         LINE#         69
  C:0943H         LINE#         70
  C:094AH         LINE#         71
  C:0951H         LINE#         72
  C:095BH         LINE#         73
  C:0962H         LINE#         74
  C:096CH         LINE#         75
  C:0973H         LINE#         76
  -------         ENDPROC       READ_EEPOM
  -------         PROC          INIT_EEPOM
  C:0ECBH         LINE#         79
  C:0ECBH         LINE#         80
  C:0ECBH         LINE#         81
  C:0ECEH         LINE#         82
  C:0ED3H         LINE#         83
  C:0ED3H         LINE#         84
  C:0ED5H         LINE#         85
  C:0ED8H         LINE#         86
  C:0EDBH         LINE#         87
  C:0EDEH         LINE#         88
  C:0EE1H         LINE#         89
  C:0EE4H         LINE#         90
  C:0EEAH         LINE#         91
  C:0EEDH         LINE#         92
  C:0EF2H         LINE#         93
  C:0EF5H         LINE#         94
BL51 BANKED LINKER/LOCATER V6.22                                                      04/06/2026  14:55:46  PAGE 24


  C:0EF5H         LINE#         96
  -------         ENDPROC       INIT_EEPOM
  -------         PROC          NULL
  C:000AH         LINE#         29
  C:000AH         LINE#         30
  C:000AH         LINE#         32
  -------         ENDPROC       NULL
  -------         PROC          _NULL_1
  D:0007H         SYMBOL        num
  C:149BH         LINE#         35
  C:149BH         LINE#         36
  C:149BH         LINE#         37
  C:149BH         LINE#         38
  -------         ENDPROC       _NULL_1
  -------         PROC          MENU_1_1_DIS
  C:0703H         LINE#         27
  C:0703H         LINE#         28
  C:0703H         LINE#         29
  C:070CH         LINE#         30
  C:0715H         LINE#         31
  C:071EH         LINE#         32
  C:0727H         LINE#         33
  C:0730H         LINE#         34
  C:0739H         LINE#         35
  C:0742H         LINE#         36
  C:074BH         LINE#         37
  -------         ENDPROC       MENU_1_1_DIS
  -------         PROC          MENU_1_1_SHUDU
  C:145DH         LINE#         40
  C:145DH         LINE#         41
  C:145DH         LINE#         42
  C:1460H         LINE#         43
  C:1464H         LINE#         45
  C:1467H         LINE#         46
  -------         ENDPROC       MENU_1_1_SHUDU
  -------         PROC          MENU_1_1_INIT
  C:0F9AH         LINE#         48
  C:0F9AH         LINE#         49
  C:0F9AH         LINE#         50
  C:0FA0H         LINE#         51
  C:0FA3H         LINE#         52
  C:0FA5H         LINE#         53
  C:0FA8H         LINE#         54
  C:0FB1H         LINE#         55
  C:0FBAH         LINE#         56
  C:0FBDH         LINE#         57
  C:0FC0H         LINE#         58
  -------         ENDPROC       MENU_1_1_INIT
  -------         PROC          MENU_1_2_INIT
  C:1138H         LINE#         60
  C:1138H         LINE#         61
  C:1138H         LINE#         62
  C:113EH         LINE#         63
  C:113EH         LINE#         64
  C:1141H         LINE#         65
  C:114AH         LINE#         66
  C:1153H         LINE#         67
BL51 BANKED LINKER/LOCATER V6.22                                                      04/06/2026  14:55:46  PAGE 25


  C:1156H         LINE#         68
  C:1159H         LINE#         69
  -------         ENDPROC       MENU_1_2_INIT
  -------         PROC          MENU_1_3_INIT
  C:10A9H         LINE#         71
  C:10A9H         LINE#         72
  C:10A9H         LINE#         73
  C:10AFH         LINE#         74
  C:10B1H         LINE#         75
  C:10B4H         LINE#         76
  C:10BDH         LINE#         77
  C:10C6H         LINE#         78
  C:10C9H         LINE#         79
  C:10CCH         LINE#         80
  -------         ENDPROC       MENU_1_3_INIT
  -------         PROC          MENU_1_4_INIT
  C:0FC1H         LINE#         82
  C:0FC1H         LINE#         83
  C:0FC1H         LINE#         84
  C:0FC7H         LINE#         85
  C:0FCAH         LINE#         86
  C:0FCCH         LINE#         87
  C:0FCFH         LINE#         88
  C:0FD8H         LINE#         89
  C:0FE1H         LINE#         90
  C:0FE4H         LINE#         91
  C:0FE7H         LINE#         92
  -------         ENDPROC       MENU_1_4_INIT
  -------         PROC          MENU_1_5_INIT
  C:10CDH         LINE#         94
  C:10CDH         LINE#         95
  C:10CDH         LINE#         96
  C:10D3H         LINE#         97
  C:10D5H         LINE#         98
  C:10D8H         LINE#         99
  C:10E1H         LINE#         100
  C:10EAH         LINE#         101
  C:10EDH         LINE#         102
  C:10F0H         LINE#         103
  -------         ENDPROC       MENU_1_5_INIT
  -------         PROC          MENU_1_6_INIT
  C:0DC1H         LINE#         105
  C:0DC1H         LINE#         106
  C:0DC1H         LINE#         107
  C:0DC7H         LINE#         108
  C:0DD0H         LINE#         109
  C:0DD2H         LINE#         110
  C:0DD5H         LINE#         111
  C:0DDEH         LINE#         112
  C:0DE7H         LINE#         113
  C:0DEAH         LINE#         114
  C:0DEDH         LINE#         115
  -------         ENDPROC       MENU_1_6_INIT
  -------         PROC          MENU_1_7_INIT
  C:0DEEH         LINE#         117
  C:0DEEH         LINE#         118
  C:0DEEH         LINE#         119
BL51 BANKED LINKER/LOCATER V6.22                                                      04/06/2026  14:55:46  PAGE 26


  C:0DF4H         LINE#         120
  C:0DFDH         LINE#         121
  C:0DFFH         LINE#         122
  C:0E02H         LINE#         123
  C:0E0BH         LINE#         124
  C:0E14H         LINE#         125
  C:0E17H         LINE#         126
  C:0E1AH         LINE#         127
  -------         ENDPROC       MENU_1_7_INIT
  -------         PROC          _MENU_1_1_N
  D:0007H         SYMBOL        num
  C:088FH         LINE#         129
  C:088FH         LINE#         130
  C:088FH         LINE#         131
  C:0892H         LINE#         132
  C:0895H         LINE#         133
  C:0895H         LINE#         134
  C:0897H         LINE#         135
  C:08A0H         LINE#         136
  C:08A8H         LINE#         137
  C:08AFH         LINE#         138
  C:08B2H         LINE#         139
  C:08B4H         LINE#         141
  C:08B4H         LINE#         142
  C:08B8H         LINE#         143
  C:08BBH         LINE#         144
  C:08C1H         LINE#         145
  C:08C9H         LINE#         146
  C:08CBH         LINE#         147
  C:08CBH         LINE#         148
  C:08D4H         LINE#         149
  C:08D6H         LINE#         150
  C:08D9H         LINE#         151
  -------         ENDPROC       _MENU_1_1_N
  -------         PROC          _MENU_1_2_N
  D:0007H         SYMBOL        num
  C:0B6DH         LINE#         154
  C:0B6DH         LINE#         155
  C:0B6DH         LINE#         156
  C:0B70H         LINE#         157
  C:0B73H         LINE#         158
  C:0B73H         LINE#         159
  C:0B75H         LINE#         160
  C:0B7EH         LINE#         161
  C:0B86H         LINE#         162
  C:0B8DH         LINE#         163
  C:0B90H         LINE#         164
  C:0B92H         LINE#         166
  C:0B92H         LINE#         167
  C:0B96H         LINE#         168
  C:0B99H         LINE#         169
  C:0B9FH         LINE#         170
  C:0BA7H         LINE#         171
  C:0BA9H         LINE#         172
  C:0BA9H         LINE#         173
  C:0BABH         LINE#         174
  C:0BABH         LINE#         175
BL51 BANKED LINKER/LOCATER V6.22                                                      04/06/2026  14:55:46  PAGE 27


  C:0BAEH         LINE#         176
  -------         ENDPROC       _MENU_1_2_N
  -------         PROC          _MENU_1_3_N
  D:0007H         SYMBOL        num
  C:08DCH         LINE#         179
  C:08DCH         LINE#         180
  C:08DCH         LINE#         181
  C:08DFH         LINE#         182
  C:08E2H         LINE#         183
  C:08E2H         LINE#         184
  C:08E4H         LINE#         185
  C:08EDH         LINE#         186
  C:08F5H         LINE#         187
  C:08FCH         LINE#         188
  C:08FFH         LINE#         189
  C:0901H         LINE#         191
  C:0901H         LINE#         192
  C:0905H         LINE#         193
  C:0908H         LINE#         194
  C:090EH         LINE#         195
  C:0916H         LINE#         196
  C:0918H         LINE#         197
  C:0918H         LINE#         198
  C:0921H         LINE#         199
  C:0923H         LINE#         200
  C:0926H         LINE#         201
  -------         ENDPROC       _MENU_1_3_N
  -------         PROC          _MENU_1_4_N
  D:0007H         SYMBOL        num
  C:0A9AH         LINE#         204
  C:0A9AH         LINE#         205
  C:0A9AH         LINE#         206
  C:0A9DH         LINE#         207
  C:0AA0H         LINE#         208
  C:0AA0H         LINE#         209
  C:0AA2H         LINE#         210
  C:0AABH         LINE#         211
  C:0AB3H         LINE#         212
  C:0ABAH         LINE#         213
  C:0ABDH         LINE#         214
  C:0ABFH         LINE#         216
  C:0ABFH         LINE#         217
  C:0AC4H         LINE#         218
  C:0AC7H         LINE#         219
  C:0ACDH         LINE#         220
  C:0AD5H         LINE#         221
  C:0AD7H         LINE#         222
  C:0AD7H         LINE#         223
  C:0ADAH         LINE#         224
  C:0ADCH         LINE#         225
  C:0ADFH         LINE#         226
  -------         ENDPROC       _MENU_1_4_N
  -------         PROC          _MENU_1_5_N
  D:0007H         SYMBOL        num
  C:07A5H         LINE#         229
  C:07A5H         LINE#         230
  C:07A5H         LINE#         231
BL51 BANKED LINKER/LOCATER V6.22                                                      04/06/2026  14:55:46  PAGE 28


  C:07A8H         LINE#         232
  C:07ABH         LINE#         233
  C:07ABH         LINE#         234
  C:07ADH         LINE#         235
  C:07B6H         LINE#         236
  C:07BEH         LINE#         237
  C:07C5H         LINE#         238
  C:07C8H         LINE#         239
  C:07CAH         LINE#         241
  C:07CAH         LINE#         242
  C:07CFH         LINE#         243
  C:07D2H         LINE#         244
  C:07D8H         LINE#         245
  C:07E0H         LINE#         246
  C:07E2H         LINE#         247
  C:07E2H         LINE#         248
  C:07EBH         LINE#         249
  C:07EDH         LINE#         250
  C:07F0H         LINE#         251
  -------         ENDPROC       _MENU_1_5_N
  -------         PROC          _MENU_1_6_N
  D:0007H         SYMBOL        num
  C:07F3H         LINE#         254
  C:07F3H         LINE#         255
  C:07F3H         LINE#         256
  C:07F6H         LINE#         257
  C:07F9H         LINE#         258
  C:07F9H         LINE#         259
  C:07FBH         LINE#         260
  C:0804H         LINE#         261
  C:080CH         LINE#         262
  C:0813H         LINE#         263
  C:0816H         LINE#         264
  C:0818H         LINE#         266
  C:0818H         LINE#         267
  C:081DH         LINE#         268
  C:0820H         LINE#         269
  C:0826H         LINE#         270
  C:082EH         LINE#         271
  C:0830H         LINE#         272
  C:0830H         LINE#         273
  C:0839H         LINE#         274
  C:083BH         LINE#         275
  C:083EH         LINE#         276
  -------         ENDPROC       _MENU_1_6_N
  -------         PROC          _MENU_1_7_N
  D:0007H         SYMBOL        num
  C:0841H         LINE#         279
  C:0841H         LINE#         280
  C:0841H         LINE#         281
  C:0844H         LINE#         282
  C:0847H         LINE#         283
  C:0847H         LINE#         284
  C:0849H         LINE#         285
  C:0852H         LINE#         286
  C:085AH         LINE#         287
  C:0861H         LINE#         288
BL51 BANKED LINKER/LOCATER V6.22                                                      04/06/2026  14:55:46  PAGE 29


  C:0864H         LINE#         289
  C:0866H         LINE#         291
  C:0866H         LINE#         292
  C:086BH         LINE#         293
  C:086EH         LINE#         294
  C:0874H         LINE#         295
  C:087CH         LINE#         296
  C:087EH         LINE#         297
  C:087EH         LINE#         298
  C:0887H         LINE#         299
  C:0889H         LINE#         300
  C:088CH         LINE#         301
  -------         ENDPROC       _MENU_1_7_N
  -------         PROC          MENU_1_1_FUN
  C:06AAH         LINE#         304
  C:06AAH         LINE#         305
  C:06AAH         LINE#         306
  C:06D5H         LINE#         307
  C:06D5H         LINE#         308
  C:06DAH         LINE#         309
  C:06DFH         LINE#         310
  C:06E4H         LINE#         311
  C:06E9H         LINE#         312
  C:06EEH         LINE#         313
  C:06F3H         LINE#         314
  C:06F6H         LINE#         315
  C:06F6H         LINE#         316
  C:06F8H         LINE#         317
  C:06FFH         LINE#         318
  C:0702H         LINE#         319
  -------         ENDPROC       MENU_1_1_FUN
  -------         PROC          MENU_2_1_DIS
  C:129FH         LINE#         322
  C:129FH         LINE#         323
  C:129FH         LINE#         324
  C:12A8H         LINE#         325
  C:12B1H         LINE#         326
  -------         ENDPROC       MENU_2_1_DIS
  -------         PROC          MENU_2_1_INIT
  C:10F1H         LINE#         329
  C:10F1H         LINE#         330
  C:10F1H         LINE#         331
  C:10F7H         LINE#         332
  C:10FAH         LINE#         333
  C:10FCH         LINE#         334
  C:10FFH         LINE#         335
  C:1108H         LINE#         336
  C:1111H         LINE#         337
  C:1114H         LINE#         338
  -------         ENDPROC       MENU_2_1_INIT
  -------         PROC          _MENU_2_1_N
  D:0007H         SYMBOL        num
  C:0974H         LINE#         341
  C:0974H         LINE#         342
  C:0974H         LINE#         343
  C:0977H         LINE#         344
  C:097AH         LINE#         345
BL51 BANKED LINKER/LOCATER V6.22                                                      04/06/2026  14:55:46  PAGE 30


  C:097AH         LINE#         346
  C:0982H         LINE#         347
  C:098BH         LINE#         348
  C:0991H         LINE#         349
  C:0993H         LINE#         351
  C:0993H         LINE#         352
  C:099BH         LINE#         353
  C:09A6H         LINE#         354
  C:09ACH         LINE#         355
  C:09ACH         LINE#         356
  C:09B7H         LINE#         357
  C:09B9H         LINE#         358
  C:09BCH         LINE#         359
  -------         ENDPROC       _MENU_2_1_N
  -------         PROC          MENU_2_1_FUN
  C:143AH         LINE#         362
  C:143AH         LINE#         363
  C:143AH         LINE#         364
  C:1442H         LINE#         365
  C:1442H         LINE#         366
  C:1442H         LINE#         367
  C:1445H         LINE#         368
  C:1445H         LINE#         369
  -------         ENDPROC       MENU_2_1_FUN
  -------         PROC          MENU_3_1_DIS
  C:13B9H         LINE#         372
  C:13B9H         LINE#         373
  C:13B9H         LINE#         374
  C:13C2H         LINE#         375
  -------         ENDPROC       MENU_3_1_DIS
  -------         PROC          MENU_3_1_INIT
  C:0D20H         LINE#         378
  C:0D20H         LINE#         379
  C:0D20H         LINE#         380
  C:0D26H         LINE#         381
  C:0D29H         LINE#         382
  C:0D32H         LINE#         383
  C:0D3BH         LINE#         384
  C:0D3BH         LINE#         385
  C:0D3EH         LINE#         386
  C:0D47H         LINE#         387
  C:0D50H         LINE#         388
  C:0D50H         LINE#         389
  C:0D53H         LINE#         390
  C:0D56H         LINE#         391
  -------         ENDPROC       MENU_3_1_INIT
  -------         PROC          MENU_3_2_INIT
  C:11BFH         LINE#         393
  C:11BFH         LINE#         394
  C:11BFH         LINE#         395
  C:11C5H         LINE#         396
  C:11C7H         LINE#         397
  C:11CAH         LINE#         398
  C:11D3H         LINE#         399
  C:11DCH         LINE#         400
  C:11DFH         LINE#         401
  -------         ENDPROC       MENU_3_2_INIT
BL51 BANKED LINKER/LOCATER V6.22                                                      04/06/2026  14:55:46  PAGE 31


  -------         PROC          MENU_3_3_INIT
  C:11E0H         LINE#         403
  C:11E0H         LINE#         404
  C:11E0H         LINE#         405
  C:11E6H         LINE#         406
  C:11E8H         LINE#         407
  C:11EBH         LINE#         408
  C:11F4H         LINE#         409
  C:11FDH         LINE#         410
  C:1200H         LINE#         411
  -------         ENDPROC       MENU_3_3_INIT
  -------         PROC          MENU_3_4_INIT
  C:1201H         LINE#         413
  C:1201H         LINE#         414
  C:1201H         LINE#         415
  C:1207H         LINE#         416
  C:1209H         LINE#         417
  C:120CH         LINE#         418
  C:1215H         LINE#         419
  C:121EH         LINE#         420
  C:1221H         LINE#         421
  -------         ENDPROC       MENU_3_4_INIT
  -------         PROC          _MENU_3_1_N
  D:0007H         SYMBOL        num
  C:1378H         LINE#         423
  C:1378H         LINE#         424
  C:1378H         LINE#         425
  C:137BH         LINE#         426
  C:1387H         LINE#         427
  C:1389H         LINE#         428
  C:1389H         LINE#         429
  C:138CH         LINE#         430
  -------         ENDPROC       _MENU_3_1_N
  -------         PROC          _MENU_3_2_N
  D:0007H         SYMBOL        num
  C:1222H         LINE#         433
  C:1222H         LINE#         434
  C:1222H         LINE#         435
  C:1225H         LINE#         436
  C:1231H         LINE#         437
  C:123AH         LINE#         438
  C:123CH         LINE#         439
  C:123FH         LINE#         440
  -------         ENDPROC       _MENU_3_2_N
  -------         PROC          _MENU_3_3_N
  D:0007H         SYMBOL        num
  C:132CH         LINE#         443
  C:132CH         LINE#         444
  C:132CH         LINE#         445
  C:132FH         LINE#         446
  C:133BH         LINE#         447
  C:133BH         LINE#         448
  C:133EH         LINE#         449
  C:1340H         LINE#         450
  C:1343H         LINE#         451
  -------         ENDPROC       _MENU_3_3_N
  -------         PROC          _MENU_3_4_N
BL51 BANKED LINKER/LOCATER V6.22                                                      04/06/2026  14:55:46  PAGE 32


  D:0007H         SYMBOL        num
  C:1346H         LINE#         454
  C:1346H         LINE#         455
  C:1346H         LINE#         456
  C:1349H         LINE#         457
  C:1355H         LINE#         458
  C:1358H         LINE#         459
  C:135AH         LINE#         460
  C:135DH         LINE#         461
  -------         ENDPROC       _MENU_3_4_N
  -------         PROC          MENU_3_1_FUN
  C:0F49H         LINE#         464
  C:0F49H         LINE#         465
  C:0F49H         LINE#         466
  C:0F4BH         LINE#         467
  C:0F52H         LINE#         468
  C:0F55H         LINE#         469
  C:0F65H         LINE#         470
  C:0F65H         LINE#         471
  C:0F68H         LINE#         472
  C:0F6BH         LINE#         473
  C:0F6EH         LINE#         474
  C:0F71H         LINE#         475
  C:0F71H         LINE#         476
  -------         ENDPROC       MENU_3_1_FUN
  -------         PROC          MENU_4_1_DIS
  C:13CBH         LINE#         479
  C:13CBH         LINE#         480
  C:13CBH         LINE#         481
  C:13D4H         LINE#         482
  -------         ENDPROC       MENU_4_1_DIS
  -------         PROC          MENU_4_1_INIT
  C:0E1BH         LINE#         485
  C:0E1BH         LINE#         486
  C:0E1BH         LINE#         487
  C:0E21H         LINE#         488
  C:0E24H         LINE#         489
  C:0E2DH         LINE#         490
  C:0E36H         LINE#         491
  C:0E3FH         LINE#         492
  C:0E44H         LINE#         493
  C:0E47H         LINE#         494
  -------         ENDPROC       MENU_4_1_INIT
  -------         PROC          _MENU_4_1_N
  D:0007H         SYMBOL        num
  C:0E48H         LINE#         496
  C:0E48H         LINE#         497
  C:0E48H         LINE#         498
  C:0E4BH         LINE#         499
  C:0E4EH         LINE#         500
  C:0E4EH         LINE#         501
  C:0E50H         LINE#         502
  C:0E57H         LINE#         503
  C:0E5AH         LINE#         504
  C:0E5CH         LINE#         506
  C:0E5CH         LINE#         507
  C:0E63H         LINE#         508
BL51 BANKED LINKER/LOCATER V6.22                                                      04/06/2026  14:55:46  PAGE 33


  C:0E66H         LINE#         509
  C:0E68H         LINE#         510
  C:0E68H         LINE#         511
  C:0E71H         LINE#         512
  -------         ENDPROC       _MENU_4_1_N
  -------         PROC          MENU_4_1_FUN
  C:1446H         LINE#         515
  C:1446H         LINE#         516
  C:1446H         LINE#         517
  C:144EH         LINE#         518
  C:144EH         LINE#         519
  C:144EH         LINE#         520
  C:1451H         LINE#         521
  C:1451H         LINE#         522
  -------         ENDPROC       MENU_4_1_FUN
  -------         PROC          MENU_1_BREAK
  C:0E74H         LINE#         9
  C:0E74H         LINE#         10
  C:0E74H         LINE#         11
  C:0E77H         LINE#         12
  C:0E79H         LINE#         13
  C:0E7BH         LINE#         14
  C:0E7EH         LINE#         15
  C:0E81H         LINE#         16
  C:0E84H         LINE#         17
  C:0E8DH         LINE#         18
  C:0E96H         LINE#         19
  C:0E9FH         LINE#         20
  -------         ENDPROC       MENU_1_BREAK
  -------         PROC          MENU_1_DIS
  C:13DDH         LINE#         22
  C:13DDH         LINE#         23
  C:13DDH         LINE#         24
  C:13E6H         LINE#         25
  -------         ENDPROC       MENU_1_DIS
  -------         PROC          MENU_2_DIS
  C:13EFH         LINE#         28
  C:13EFH         LINE#         29
  C:13EFH         LINE#         30
  C:13F8H         LINE#         31
  -------         ENDPROC       MENU_2_DIS
  -------         PROC          MENU_1_INIT
  C:0FE8H         LINE#         34
  C:0FE8H         LINE#         35
  C:0FE8H         LINE#         36
  C:0FEEH         LINE#         37
  C:0FF1H         LINE#         38
  C:0FF3H         LINE#         39
  C:0FF6H         LINE#         40
  C:0FFFH         LINE#         41
  C:1008H         LINE#         42
  C:100BH         LINE#         43
  C:100EH         LINE#         44
  -------         ENDPROC       MENU_1_INIT
  -------         PROC          MENU_2_INIT
  C:100FH         LINE#         46
  C:100FH         LINE#         47
BL51 BANKED LINKER/LOCATER V6.22                                                      04/06/2026  14:55:46  PAGE 34


  C:100FH         LINE#         48
  C:1015H         LINE#         49
  C:1018H         LINE#         50
  C:101AH         LINE#         51
  C:101DH         LINE#         52
  C:1026H         LINE#         53
  C:102FH         LINE#         54
  C:1032H         LINE#         55
  C:1035H         LINE#         56
  -------         ENDPROC       MENU_2_INIT
  -------         PROC          MENU_3_INIT
  C:1036H         LINE#         58
  C:1036H         LINE#         59
  C:1036H         LINE#         60
  C:103CH         LINE#         61
  C:103FH         LINE#         62
  C:1041H         LINE#         63
  C:1044H         LINE#         64
  C:104DH         LINE#         65
  C:1056H         LINE#         66
  C:1059H         LINE#         67
  C:105CH         LINE#         68
  -------         ENDPROC       MENU_3_INIT
  -------         PROC          MENU_4_INIT
  C:105DH         LINE#         70
  C:105DH         LINE#         71
  C:105DH         LINE#         72
  C:1063H         LINE#         73
  C:1066H         LINE#         74
  C:1068H         LINE#         75
  C:106BH         LINE#         76
  C:1074H         LINE#         77
  C:107DH         LINE#         78
  C:1080H         LINE#         79
  C:1083H         LINE#         80
  -------         ENDPROC       MENU_4_INIT
  -------         PROC          _MENU_1_N
  D:0007H         SYMBOL        num
  C:0CADH         LINE#         82
  C:0CADH         LINE#         83
  C:0CADH         LINE#         84
  C:0CB0H         LINE#         85
  C:0CB0H         LINE#         86
  C:0CB2H         LINE#         87
  C:0CB9H         LINE#         88
  C:0CBCH         LINE#         89
  C:0CBEH         LINE#         91
  C:0CBEH         LINE#         92
  C:0CC0H         LINE#         93
  C:0CC7H         LINE#         94
  C:0CCAH         LINE#         95
  C:0CCAH         LINE#         96
  C:0CDAH         LINE#         97
  C:0CDAH         LINE#         98
  C:0CDDH         LINE#         99
  C:0CE0H         LINE#         100
  C:0CE3H         LINE#         101
BL51 BANKED LINKER/LOCATER V6.22                                                      04/06/2026  14:55:46  PAGE 35


  C:0CE6H         LINE#         102
  C:0CE6H         LINE#         103
  -------         ENDPROC       _MENU_1_N
  -------         PROC          MENU_1_FUN
  C:115AH         LINE#         106
  C:115AH         LINE#         107
  C:115AH         LINE#         108
  C:116CH         LINE#         109
  C:116CH         LINE#         110
  C:116CH         LINE#         111
  C:116FH         LINE#         112
  C:116FH         LINE#         113
  C:116FH         LINE#         114
  C:1172H         LINE#         115
  C:1172H         LINE#         116
  C:1172H         LINE#         117
  C:1175H         LINE#         118
  C:1175H         LINE#         119
  C:1175H         LINE#         120
  C:1178H         LINE#         121
  C:1178H         LINE#         122
  C:1178H         LINE#         123
  C:117BH         LINE#         124
  C:117BH         LINE#         125
  C:117BH         LINE#         126
  -------         ENDPROC       MENU_1_FUN
  -------         PROC          KEY_EXIT
  C:1491H         LINE#         7
  C:1491H         LINE#         8
  C:1491H         LINE#         9
  -------         ENDPROC       KEY_EXIT
  -------         PROC          KEY_UP
  C:1468H         LINE#         12
  C:1468H         LINE#         13
  C:1468H         LINE#         14
  -------         ENDPROC       KEY_UP
  -------         PROC          KEY_DOWN
  C:1473H         LINE#         18
  C:1473H         LINE#         19
  C:1473H         LINE#         20
  -------         ENDPROC       KEY_DOWN
  -------         PROC          KEY_SURE_1
  C:1498H         LINE#         23
  C:1498H         LINE#         24
  C:1498H         LINE#         25
  -------         ENDPROC       KEY_SURE_1
  -------         PROC          KEY_WITH
  C:09BFH         LINE#         28
  C:09BFH         LINE#         29
  C:09BFH         LINE#         31
  C:09CFH         LINE#         32
  C:09CFH         LINE#         33
  C:09D2H         LINE#         34
  C:09D4H         LINE#         35
  C:09D7H         LINE#         36
  C:09D9H         LINE#         37
  C:09DCH         LINE#         38
BL51 BANKED LINKER/LOCATER V6.22                                                      04/06/2026  14:55:46  PAGE 36


  C:09DEH         LINE#         39
  C:09E1H         LINE#         40
  C:09E1H         LINE#         41
  C:09E1H         LINE#         42
  C:09E1H         LINE#         43
  C:09E5H         LINE#         44
  C:09EBH         LINE#         45
  C:09EBH         LINE#         46
  C:09EDH         LINE#         47
  C:09F0H         LINE#         48
  C:09FCH         LINE#         49
  C:09FFH         LINE#         50
  C:0A02H         LINE#         51
  C:0A05H         LINE#         52
  C:0A08H         LINE#         53
  C:0A08H         LINE#         54
  -------         ENDPROC       KEY_WITH
  -------         PROC          AD0832READ
  B:0021H.0       SYMBOL        SGL
  B:0021H.1       SYMBOL        ODD
  -------         DO            
  D:0007H         SYMBOL        i
  D:0006H         SYMBOL        value
  D:0005H         SYMBOL        value1
  -------         ENDDO         
  C:0754H         LINE#         103
  C:0754H         LINE#         104
  C:0754H         LINE#         105
  C:0758H         LINE#         106
  C:075AH         LINE#         107
  C:075CH         LINE#         108
  C:075EH         LINE#         109
  C:0760H         LINE#         110
  C:0762H         LINE#         111
  C:0766H         LINE#         112
  C:0768H         LINE#         113
  C:076AH         LINE#         114
  C:076EH         LINE#         115
  C:0770H         LINE#         116
  C:0772H         LINE#         117
  C:0774H         LINE#         118
  C:0774H         LINE#         119
  C:0774H         LINE#         120
  C:0776H         LINE#         121
  C:0778H         LINE#         122
  C:077CH         LINE#         123
  C:077FH         LINE#         124
  C:0780H         LINE#         125
  C:0784H         LINE#         126
  C:0786H         LINE#         127
  C:0786H         LINE#         128
  C:078AH         LINE#         129
  C:078DH         LINE#         130
  C:0790H         LINE#         131
  C:0792H         LINE#         132
  C:0794H         LINE#         133
  C:0798H         LINE#         134
BL51 BANKED LINKER/LOCATER V6.22                                                      04/06/2026  14:55:46  PAGE 37


  C:079AH         LINE#         135
  C:079CH         LINE#         136
  C:07A0H         LINE#         137
  C:07A2H         LINE#         138
  C:07A4H         LINE#         139
  -------         ENDPROC       AD0832READ
  -------         PROC          _DELAY_1MS
  D:0006H         SYMBOL        q
  -------         DO            
  D:0004H         SYMBOL        i
  D:0002H         SYMBOL        j
  -------         ENDDO         
  C:1242H         LINE#         144
  C:1242H         LINE#         145
  C:1242H         LINE#         147
  C:124CH         LINE#         148
  C:1261H         LINE#         149
  -------         ENDPROC       _DELAY_1MS
  -------         PROC          INIT_1602_DS1302
  C:0BF4H         LINE#         152
  C:0BF4H         LINE#         153
  C:0BF4H         LINE#         154
  C:0BFDH         LINE#         155
  C:0C06H         LINE#         156
  C:0C0FH         LINE#         157
  C:0C18H         LINE#         158
  C:0C21H         LINE#         159
  C:0C2AH         LINE#         160
  -------         ENDPROC       INIT_1602_DS1302
  -------         PROC          INIT_TIME0
  C:147EH         LINE#         164
  C:147EH         LINE#         165
  C:147EH         LINE#         166
  C:1480H         LINE#         167
  C:1483H         LINE#         168
  C:1485H         LINE#         169
  C:1487H         LINE#         170
  -------         ENDPROC       INIT_TIME0
  -------         PROC          SHOUDONG_KAIGUAN
  C:117CH         LINE#         173
  C:117CH         LINE#         174
  C:117CH         LINE#         175
  C:117FH         LINE#         176
  C:117FH         LINE#         177
  C:1183H         LINE#         178
  C:1183H         LINE#         179
  C:1187H         LINE#         180
  C:1187H         LINE#         181
  C:118CH         LINE#         182
  C:118FH         LINE#         183
  C:1194H         LINE#         184
  C:1197H         LINE#         185
  C:119AH         LINE#         186
  C:119DH         LINE#         187
  C:119DH         LINE#         188
  C:119DH         LINE#         189
  C:119DH         LINE#         190
BL51 BANKED LINKER/LOCATER V6.22                                                      04/06/2026  14:55:46  PAGE 38


  -------         ENDPROC       SHOUDONG_KAIGUAN
  -------         PROC          ZINENGCHUANGLIAN_DIS
  C:0C33H         LINE#         194
  C:0C33H         LINE#         195
  C:0C33H         LINE#         196
  C:0C36H         LINE#         197
  C:0C44H         LINE#         198
  C:0C44H         LINE#         199
  C:0C47H         LINE#         201
  C:0C4AH         LINE#         202
  C:0C4AH         LINE#         203
  C:0C58H         LINE#         204
  C:0C58H         LINE#         205
  C:0C5BH         LINE#         206
  C:0C5EH         LINE#         207
  C:0C5EH         LINE#         208
  C:0C62H         LINE#         209
  C:0C62H         LINE#         210
  C:0C69H         LINE#         211
  C:0C6DH         LINE#         214
  C:0C70H         LINE#         215
  C:0C70H         LINE#         216
  C:0C70H         LINE#         217
  -------         ENDPROC       ZINENGCHUANGLIAN_DIS
  -------         PROC          MAIN
  C:044EH         LINE#         220
  C:044EH         LINE#         221
  C:044EH         LINE#         222
  C:0451H         LINE#         223
  C:0454H         LINE#         224
  C:0457H         LINE#         225
  C:045AH         LINE#         226
  C:045DH         LINE#         227
  C:0460H         LINE#         228
  C:0463H         LINE#         229
  C:046AH         LINE#         230
  C:0471H         LINE#         231
  C:0471H         LINE#         232
  C:0471H         LINE#         233
  C:0474H         LINE#         234
  C:047BH         LINE#         235
  C:047BH         LINE#         236
  C:047EH         LINE#         237
  C:047EH         LINE#         238
  C:0485H         LINE#         239
  C:0489H         LINE#         241
  C:048BH         LINE#         243
  C:048EH         LINE#         244
  C:0491H         LINE#         245
  C:0491H         LINE#         246
  C:0493H         LINE#         247
  C:0496H         LINE#         248
  C:049DH         LINE#         249
  C:04A8H         LINE#         250
  C:04AEH         LINE#         251
  C:04B9H         LINE#         252
  C:04BDH         LINE#         254
BL51 BANKED LINKER/LOCATER V6.22                                                      04/06/2026  14:55:46  PAGE 39


  C:04BFH         LINE#         255
  C:04E5H         LINE#         256
  C:04E9H         LINE#         257
  C:04E9H         LINE#         258
  C:04ECH         LINE#         259
  C:04EFH         LINE#         260
  C:04FAH         LINE#         261
  C:0503H         LINE#         262
  C:0503H         LINE#         263
  C:0503H         LINE#         264
  C:0506H         LINE#         265
  -------         ENDPROC       MAIN
  -------         PROC          TIME0
  -------         DO            
  D:0026H         SYMBOL        value
  -------         ENDDO         
  C:0C71H         LINE#         268
  C:0C75H         LINE#         271
  C:0C78H         LINE#         272
  C:0C7BH         LINE#         273
  C:0C7DH         LINE#         274
  C:0C84H         LINE#         275
  C:0C84H         LINE#         276
  C:0C87H         LINE#         277
  C:0C89H         LINE#         278
  C:0C89H         LINE#         279
  C:0C8CH         LINE#         280
  C:0C8CH         LINE#         281
  C:0C8EH         LINE#         282
  C:0C95H         LINE#         283
  C:0C95H         LINE#         284
  C:0C98H         LINE#         285
  C:0C9AH         LINE#         286
  C:0C9CH         LINE#         287
  C:0CA3H         LINE#         288
  C:0CA3H         LINE#         289
  C:0CA6H         LINE#         290
  C:0CA8H         LINE#         291
  C:0CA8H         LINE#         292
  C:0CA8H         LINE#         293
  C:0CA8H         LINE#         294
  -------         ENDPROC       TIME0
  -------         ENDMOD        _悄_確户

  -------         MODULE        ?C?FPMUL
  C:000EH         PUBLIC        ?C?FPMUL
  -------         ENDMOD        ?C?FPMUL

  -------         MODULE        ?C?FPDIV
  C:0117H         PUBLIC        ?C?FPDIV
  -------         ENDMOD        ?C?FPDIV

  -------         MODULE        ?C?FCAST
  C:01BEH         PUBLIC        ?C?FCASTC
  C:01B9H         PUBLIC        ?C?FCASTI
  C:01B4H         PUBLIC        ?C?FCASTL
  -------         ENDMOD        ?C?FCAST
BL51 BANKED LINKER/LOCATER V6.22                                                      04/06/2026  14:55:46  PAGE 40



  -------         MODULE        ?C?CASTF
  C:01F2H         PUBLIC        ?C?CASTF
  -------         ENDMOD        ?C?CASTF

  -------         MODULE        ?C?CLDPTR
  C:0273H         PUBLIC        ?C?CLDPTR
  -------         ENDMOD        ?C?CLDPTR

  -------         MODULE        ?C?CILDPTR
  C:028CH         PUBLIC        ?C?CILDPTR
  -------         ENDMOD        ?C?CILDPTR

  -------         MODULE        ?C?CSTPTR
  C:02AEH         PUBLIC        ?C?CSTPTR
  -------         ENDMOD        ?C?CSTPTR

  -------         MODULE        ?C?UIDIV
  C:02C0H         PUBLIC        ?C?UIDIV
  -------         ENDMOD        ?C?UIDIV

  -------         MODULE        ?C?LNEG
  C:0315H         PUBLIC        ?C?LNEG
  -------         ENDMOD        ?C?LNEG

  -------         MODULE        ?C?ICALL
  C:0323H         PUBLIC        ?C?ICALL
  C:0327H         PUBLIC        ?C?ICALL2
  -------         ENDMOD        ?C?ICALL

Program Size: data=64.2 xdata=0 code=5276
LINK/LOCATE RUN COMPLETE.  0 WARNING(S),  0 ERROR(S)
